06-07-2026 13:07:31 RAM 5525/7620MB (lfb 2x2MB) SWAP 160/3810MB (cached 0MB) CPU [50%@1728,54%@1728,100%@1728,37%@1728,36%@1728,80%@1728] GR3D_FREQ 76% cpu@54.562C soc2@52.562C soc0@52.031C gpu@53.718C tj@54.562C soc1@53.406C VDD_IN 8515mW/8515mW VDD_CPU_GPU_CV 3188mW/3188mW VDD_SOC 1695mW/1695mW
06-07-2026 13:07:31 RAM 5525/7620MB (lfb 2x2MB) SWAP 160/3810MB (cached 0MB) CPU [54%@1728,36%@1728,100%@1728,50%@1728,55%@1420,50%@1420] GR3D_FREQ 79% cpu@54.281C soc2@52.593C soc0@52.031C gpu@53.687C tj@54.281C soc1@53.531C VDD_IN 8515mW/8515mW VDD_CPU_GPU_CV 3227mW/3208mW VDD_SOC 1695mW/1695mW
06-07-2026 13:07:32 RAM 5525/7620MB (lfb 2x2MB) SWAP 160/3810MB (cached 0MB) CPU [45%@1728,45%@1728,100%@1728,50%@1728,55%@1420,50%@1420] GR3D_FREQ 80% cpu@54.218C soc2@52.656C soc0@52.218C gpu@53.625C tj@54.375C soc1@53.593C VDD_IN 8515mW/8515mW VDD_CPU_GPU_CV 3227mW/3214mW VDD_SOC 1695mW/1695mW
06-07-2026 13:07:32 RAM 5525/7620MB (lfb 2x2MB) SWAP 160/3810MB (cached 0MB) CPU [50%@1728,58%@1728,100%@1728,54%@1728,33%@729,50%@729] GR3D_FREQ 73% cpu@54.437C soc2@52.75C soc0@52.062C gpu@53.656C tj@54.437C soc1@53.718C VDD_IN 8555mW/8525mW VDD_CPU_GPU_CV 3266mW/3227mW VDD_SOC 1695mW/1695mW
06-07-2026 13:07:32 RAM 5525/7620MB (lfb 2x2MB) SWAP 160/3810MB (cached 0MB) CPU [40%@1728,44%@1728,100%@1728,55%@1728,54%@729,50%@729] GR3D_FREQ 71% cpu@54.531C soc2@52.625C soc0@52.187C gpu@54.156C tj@54.531C soc1@53.531C VDD_IN 8555mW/8531mW VDD_CPU_GPU_CV 3266mW/3235mW VDD_SOC 1695mW/1695mW
06-07-2026 13:07:32 RAM 5526/7620MB (lfb 2x2MB) SWAP 160/3810MB (cached 0MB) CPU [44%@1728,66%@1728,100%@1728,63%@1728,55%@1728,72%@1728] GR3D_FREQ 72% cpu@54.218C soc2@52.687C soc0@52.218C gpu@53.968C tj@54.218C soc1@53.593C VDD_IN 8594mW/8542mW VDD_CPU_GPU_CV 3306mW/3247mW VDD_SOC 1695mW/1695mW
06-07-2026 13:07:32 RAM 5526/7620MB (lfb 2x2MB) SWAP 160/3810MB (cached 0MB) CPU [40%@1728,50%@1728,75%@1728,36%@1728,54%@1728,36%@1728] GR3D_FREQ 70% cpu@54.25C soc2@52.625C soc0@52.312C gpu@53.843C tj@54.25C soc1@53.687C VDD_IN 8555mW/8543mW VDD_CPU_GPU_CV 3266mW/3249mW VDD_SOC 1695mW/1695mW
06-07-2026 13:07:32 RAM 5526/7620MB (lfb 2x2MB) SWAP 160/3810MB (cached 0MB) CPU [40%@1728,70%@1728,70%@1728,45%@1728,36%@729,60%@729] GR3D_FREQ 66% cpu@54.062C soc2@52.656C soc0@52.093C gpu@53.687C tj@54C soc1@53.531C VDD_IN 8476mW/8535mW VDD_CPU_GPU_CV 3266mW/3252mW VDD_SOC 1655mW/1690mW
06-07-2026 13:07:32 RAM 5526/7620MB (lfb 2x2MB) SWAP 160/3810MB (cached 0MB) CPU [75%@1728,66%@1728,33%@1728,36%@1728,50%@1728,50%@1728] GR3D_FREQ 70% cpu@53.843C soc2@52.718C soc0@52.125C gpu@53.656C tj@53.843C soc1@53.531C VDD_IN 8476mW/8528mW VDD_CPU_GPU_CV 3227mW/3249mW VDD_SOC 1655mW/1686mW
06-07-2026 13:07:32 RAM 5532/7620MB (lfb 2x2MB) SWAP 160/3810MB (cached 0MB) CPU [55%@1728,44%@1728,54%@1728,40%@1728,90%@1651,30%@1651] GR3D_FREQ 70% cpu@54.125C soc2@52.656C soc0@52.312C gpu@54.218C tj@54.218C soc1@53.656C VDD_IN 8476mW/8523mW VDD_CPU_GPU_CV 3227mW/3247mW VDD_SOC 1695mW/1687mW
06-07-2026 13:07:32 RAM 5532/7620MB (lfb 2x2MB) SWAP 160/3810MB (cached 0MB) CPU [72%@1728,72%@1728,54%@1728,90%@1728,11%@729,41%@729] GR3D_FREQ 67% cpu@53.937C soc2@52.625C soc0@52.093C gpu@54.093C tj@54.093C soc1@53.562C VDD_IN 8436mW/8515mW VDD_CPU_GPU_CV 3227mW/3245mW VDD_SOC 1695mW/1688mW
06-07-2026 13:07:32 RAM 5532/7620MB (lfb 2x2MB) SWAP 160/3810MB (cached 0MB) CPU [90%@1728,30%@1728,50%@1728,30%@1728,40%@1728,60%@1728] GR3D_FREQ 69% cpu@53.843C soc2@52.75C soc0@52.281C gpu@53.937C tj@53.937C soc1@53.593C VDD_IN 8436mW/8509mW VDD_CPU_GPU_CV 3227mW/3243mW VDD_SOC 1695mW/1688mW
06-07-2026 13:07:33 RAM 5532/7620MB (lfb 2x2MB) SWAP 160/3810MB (cached 0MB) CPU [58%@1728,90%@1728,36%@1728,50%@1728,25%@1728,50%@1728] GR3D_FREQ 70% cpu@53.968C soc2@52.75C soc0@52.281C gpu@53.75C tj@53.968C soc1@53.687C VDD_IN 8436mW/8503mW VDD_CPU_GPU_CV 3227mW/3242mW VDD_SOC 1655mW/1686mW
06-07-2026 13:07:33 RAM 5532/7620MB (lfb 2x2MB) SWAP 160/3810MB (cached 0MB) CPU [44%@1728,72%@1728,70%@1728,10%@1728,27%@1728,80%@1728] GR3D_FREQ 67% cpu@54.156C soc2@52.656C soc0@52.125C gpu@53.687C tj@54.156C soc1@53.593C VDD_IN 8397mW/8496mW VDD_CPU_GPU_CV 3227mW/3241mW VDD_SOC 1655mW/1684mW
06-07-2026 13:07:33 RAM 5532/7620MB (lfb 2x2MB) SWAP 160/3810MB (cached 0MB) CPU [27%@1728,27%@1728,70%@1728,66%@1728,50%@1728,27%@1728] GR3D_FREQ 66% cpu@53.968C soc2@52.593C soc0@52.156C gpu@53.656C tj@53.968C soc1@53.656C VDD_IN 8397mW/8489mW VDD_CPU_GPU_CV 3188mW/3237mW VDD_SOC 1655mW/1682mW
06-07-2026 13:07:33 RAM 5533/7620MB (lfb 2x2MB) SWAP 160/3810MB (cached 0MB) CPU [45%@1728,72%@1728,77%@1728,30%@1728,66%@883,55%@883] GR3D_FREQ 77% cpu@54.125C soc2@52.718C soc0@52.281C gpu@54.125C tj@54.125C soc1@53.687C VDD_IN 8397mW/8483mW VDD_CPU_GPU_CV 3227mW/3237mW VDD_SOC 1655mW/1680mW
06-07-2026 13:07:33 RAM 5534/7620MB (lfb 2x2MB) SWAP 160/3810MB (cached 0MB) CPU [30%@1728,72%@1728,45%@1728,45%@1728,70%@1267,90%@1267] GR3D_FREQ 68% cpu@54.125C soc2@52.625C soc0@52.156C gpu@53.687C tj@54.125C soc1@53.5C VDD_IN 8436mW/8480mW VDD_CPU_GPU_CV 3227mW/3236mW VDD_SOC 1655mW/1679mW
06-07-2026 13:07:33 RAM 5535/7620MB (lfb 2x2MB) SWAP 160/3810MB (cached 0MB) CPU [100%@1728,54%@1728,36%@1728,45%@1728,70%@1728,75%@1728] GR3D_FREQ 69% cpu@54.187C soc2@52.75C soc0@52.156C gpu@53.656C tj@54.125C soc1@53.625C VDD_IN 8476mW/8480mW VDD_CPU_GPU_CV 3227mW/3236mW VDD_SOC 1695mW/1679mW
06-07-2026 13:07:33 RAM 5535/7620MB (lfb 2x2MB) SWAP 160/3810MB (cached 0MB) CPU [66%@1728,66%@1728,22%@1728,11%@1728,22%@1267,50%@1267] GR3D_FREQ 71% cpu@53.781C soc2@52.75C soc0@52.25C gpu@54.125C tj@54.125C soc1@53.656C VDD_IN 8397mW/8476mW VDD_CPU_GPU_CV 3148mW/3231mW VDD_SOC 1695mW/1680mW
06-07-2026 13:07:33 RAM 5535/7620MB (lfb 2x2MB) SWAP 160/3810MB (cached 0MB) CPU [20%@1728,80%@1728,30%@1728,45%@1728,45%@729,63%@729] GR3D_FREQ 68% cpu@53.843C soc2@52.718C soc0@52.125C gpu@53.906C tj@53.906C soc1@53.687C VDD_IN 8279mW/8466mW VDD_CPU_GPU_CV 3070mW/3223mW VDD_SOC 1695mW/1681mW
06-07-2026 13:07:33 RAM 5535/7620MB (lfb 2x2MB) SWAP 160/3810MB (cached 0MB) CPU [36%@1728,20%@1728,91%@1728,33%@1728,54%@729,54%@729] GR3D_FREQ 73% cpu@54.093C soc2@52.656C soc0@52.281C gpu@53.781C tj@54.093C soc1@53.593C VDD_IN 8200mW/8453mW VDD_CPU_GPU_CV 2991mW/3212mW VDD_SOC 1695mW/1682mW
06-07-2026 13:07:34 RAM 5536/7620MB (lfb 2x2MB) SWAP 160/3810MB (cached 0MB) CPU [80%@1728,72%@1728,90%@1728,90%@1728,80%@1574,90%@1574] GR3D_FREQ 70% cpu@54.312C soc2@52.687C soc0@52.281C gpu@53.718C tj@54.312C soc1@53.593C VDD_IN 8371mW/8450mW VDD_CPU_GPU_CV 3109mW/3207mW VDD_SOC 1695mW/1682mW
06-07-2026 13:07:34 RAM 5536/7620MB (lfb 2x2MB) SWAP 160/3810MB (cached 0MB) CPU [100%@1728,100%@1728,90%@1728,90%@1728,90%@1728,83%@1728] GR3D_FREQ 66% cpu@54.468C soc2@52.812C soc0@52.312C gpu@53.656C tj@54.375C soc1@53.718C VDD_IN 8608mW/8456mW VDD_CPU_GPU_CV 3306mW/3212mW VDD_SOC 1737mW/1685mW
06-07-2026 13:07:34 RAM 5535/7620MB (lfb 2x2MB) SWAP 160/3810MB (cached 0MB) CPU [90%@1728,54%@1728,54%@1728,50%@1728,40%@1036,33%@1036] GR3D_FREQ 67% cpu@54.343C soc2@52.781C soc0@52.187C gpu@54.156C tj@54.343C soc1@53.593C VDD_IN 8568mW/8461mW VDD_CPU_GPU_CV 3227mW/3212mW VDD_SOC 1734mW/1687mW
06-07-2026 13:07:34 RAM 5535/7620MB (lfb 2x2MB) SWAP 160/3810MB (cached 0MB) CPU [90%@1728,22%@1728,20%@1728,30%@1728,50%@1113,36%@1113] GR3D_FREQ 68% cpu@53.937C soc2@52.781C soc0@52.187C gpu@53.937C tj@53.937C soc1@53.593C VDD_IN 8436mW/8460mW VDD_CPU_GPU_CV 3148mW/3210mW VDD_SOC 1695mW/1687mW
06-07-2026 13:07:34 RAM 5535/7620MB (lfb 2x2MB) SWAP 160/3810MB (cached 0MB) CPU [40%@1728,72%@1728,11%@1728,20%@1728,33%@883,33%@883] GR3D_FREQ 63% cpu@53.906C soc2@52.625C soc0@52.343C gpu@53.781C tj@53.906C soc1@53.687C VDD_IN 8357mW/8456mW VDD_CPU_GPU_CV 3030mW/3203mW VDD_SOC 1695mW/1687mW
06-07-2026 13:07:34 RAM 5534/7620MB (lfb 2x2MB) SWAP 160/3810MB (cached 0MB) CPU [54%@1728,80%@1728,30%@1728,33%@1728,50%@729,30%@729] GR3D_FREQ 70% cpu@54.062C soc2@52.75C soc0@52.312C gpu@53.843C tj@54.062C soc1@53.562C VDD_IN 8239mW/8448mW VDD_CPU_GPU_CV 2952mW/3193mW VDD_SOC 1695mW/1688mW
06-07-2026 13:07:34 RAM 5534/7620MB (lfb 2x2MB) SWAP 160/3810MB (cached 0MB) CPU [55%@1728,81%@1728,45%@1728,18%@1728,18%@729,0%@729] GR3D_FREQ 65% cpu@54.125C soc2@52.718C soc0@52.25C gpu@53.656C tj@54.125C soc1@53.593C VDD_IN 8160mW/8438mW VDD_CPU_GPU_CV 2912mW/3183mW VDD_SOC 1695mW/1688mW
06-07-2026 13:07:34 RAM 5534/7620MB (lfb 2x2MB) SWAP 160/3810MB (cached 0MB) CPU [40%@1728,83%@1728,45%@1728,50%@1728,33%@883,20%@883] GR3D_FREQ 68% cpu@54.062C soc2@52.781C soc0@52.375C gpu@54.125C tj@54.125C soc1@53.687C VDD_IN 8160mW/8428mW VDD_CPU_GPU_CV 2912mW/3174mW VDD_SOC 1695mW/1688mW
06-07-2026 13:07:34 RAM 5535/7620MB (lfb 2x2MB) SWAP 160/3810MB (cached 0MB) CPU [27%@1728,80%@1728,18%@1728,30%@1728,58%@1728,54%@1728] GR3D_FREQ 67% cpu@53.875C soc2@52.781C soc0@52.25C gpu@53.687C tj@54.031C soc1@53.687C VDD_IN 8121mW/8418mW VDD_CPU_GPU_CV 2912mW/3165mW VDD_SOC 1695mW/1688mW
06-07-2026 13:07:34 RAM 5535/7620MB (lfb 2x2MB) SWAP 160/3810MB (cached 0MB) CPU [0%@1728,80%@1728,9%@1728,36%@1728,25%@1420,70%@1420] GR3D_FREQ 65% cpu@53.625C soc2@52.687C soc0@52.281C gpu@53.687C tj@53.687C soc1@53.593C VDD_IN 8081mW/8407mW VDD_CPU_GPU_CV 2873mW/3156mW VDD_SOC 1655mW/1687mW
06-07-2026 13:07:35 RAM 5535/7620MB (lfb 2x2MB) SWAP 160/3810MB (cached 0MB) CPU [36%@1728,40%@1728,72%@1728,18%@1728,33%@1113,58%@1113] GR3D_FREQ 65% cpu@54C soc2@52.718C soc0@52.25C gpu@54.187C tj@54.187C soc1@53.562C VDD_IN 8042mW/8396mW VDD_CPU_GPU_CV 2833mW/3146mW VDD_SOC 1655mW/1686mW
06-07-2026 13:07:35 RAM 5535/7620MB (lfb 2x2MB) SWAP 160/3810MB (cached 0MB) CPU [30%@1728,27%@1728,83%@1728,30%@1728,27%@729,33%@729] GR3D_FREQ 68% cpu@54.187C soc2@52.75C soc0@52.406C gpu@54.093C tj@54.187C soc1@53.812C VDD_IN 8042mW/8385mW VDD_CPU_GPU_CV 2833mW/3136mW VDD_SOC 1655mW/1685mW
06-07-2026 13:07:35 RAM 5535/7620MB (lfb 2x2MB) SWAP 160/3810MB (cached 0MB) CPU [54%@1728,40%@1728,77%@1728,11%@1728,53%@729,10%@729] GR3D_FREQ 66% cpu@53.937C soc2@52.656C soc0@52.281C gpu@54C tj@54C soc1@53.593C VDD_IN 8042mW/8375mW VDD_CPU_GPU_CV 2794mW/3126mW VDD_SOC 1655mW/1684mW
06-07-2026 13:07:35 RAM 5533/7620MB (lfb 2x2MB) SWAP 160/3810MB (cached 0MB) CPU [45%@1728,45%@1728,80%@1728,10%@1728,20%@806,36%@806] GR3D_FREQ 65% cpu@53.937C soc2@52.718C soc0@52.312C gpu@53.843C tj@53.937C soc1@53.687C VDD_IN 7963mW/8363mW VDD_CPU_GPU_CV 2755mW/3116mW VDD_SOC 1655mW/1684mW
06-07-2026 13:07:35 RAM 5533/7620MB (lfb 2x2MB) SWAP 160/3810MB (cached 0MB) CPU [77%@1728,0%@1728,72%@1728,10%@1728,20%@729,40%@729] GR3D_FREQ 71% cpu@54C soc2@52.75C soc0@52.375C gpu@53.781C tj@54C soc1@53.687C VDD_IN 7924mW/8351mW VDD_CPU_GPU_CV 2755mW/3106mW VDD_SOC 1655mW/1683mW
06-07-2026 13:07:35 RAM 5533/7620MB (lfb 2x2MB) SWAP 160/3810MB (cached 0MB) CPU [27%@1728,63%@1728,81%@1728,30%@1728,45%@729,0%@729] GR3D_FREQ 65% cpu@54.218C soc2@52.812C soc0@52.125C gpu@53.687C tj@54.218C soc1@53.531C VDD_IN 7924mW/8339mW VDD_CPU_GPU_CV 2755mW/3096mW VDD_SOC 1655mW/1682mW
06-07-2026 13:07:35 RAM 5534/7620MB (lfb 2x2MB) SWAP 160/3810MB (cached 0MB) CPU [50%@1728,11%@1728,80%@1728,40%@1728,20%@729,9%@729] GR3D_FREQ 69% cpu@54.062C soc2@52.718C soc0@52.187C gpu@54.125C tj@54.125C soc1@53.625C VDD_IN 7884mW/8327mW VDD_CPU_GPU_CV 2715mW/3086mW VDD_SOC 1655mW/1681mW
06-07-2026 13:07:35 RAM 5534/7620MB (lfb 2x2MB) SWAP 160/3810MB (cached 0MB) CPU [50%@1728,45%@1728,54%@1728,63%@1728,18%@1728,10%@1728] GR3D_FREQ 71% cpu@53.75C soc2@52.75C soc0@52.218C gpu@53.656C tj@53.75C soc1@53.656C VDD_IN 7884mW/8316mW VDD_CPU_GPU_CV 2755mW/3078mW VDD_SOC 1655mW/1681mW
06-07-2026 13:07:35 RAM 5534/7620MB (lfb 2x2MB) SWAP 160/3810MB (cached 0MB) CPU [50%@1344,40%@1344,40%@1344,40%@1344,81%@1728,0%@1728] GR3D_FREQ 60% cpu@53.968C soc2@52.656C soc0@52.437C gpu@53.593C tj@53.968C soc1@53.781C VDD_IN 7924mW/8306mW VDD_CPU_GPU_CV 2755mW/3070mW VDD_SOC 1655mW/1680mW
06-07-2026 13:07:36 RAM 5534/7620MB (lfb 2x2MB) SWAP 160/3810MB (cached 0MB) CPU [11%@1190,25%@1190,30%@1190,63%@1190,81%@1728,20%@1728] GR3D_FREQ 65% cpu@54.156C soc2@52.593C soc0@52.281C gpu@54.062C tj@54.156C soc1@53.593C VDD_IN 7924mW/8297mW VDD_CPU_GPU_CV 2755mW/3062mW VDD_SOC 1655mW/1679mW
06-07-2026 13:07:36 RAM 5534/7620MB (lfb 2x2MB) SWAP 160/3810MB (cached 0MB) CPU [25%@1344,12%@1344,30%@1344,66%@1344,77%@1728,10%@1728] GR3D_FREQ 69% cpu@53.687C soc2@52.687C soc0@52.312C gpu@53.843C tj@53.843C soc1@53.656C VDD_IN 7924mW/8288mW VDD_CPU_GPU_CV 2755mW/3055mW VDD_SOC 1655mW/1679mW
06-07-2026 13:07:36 RAM 5534/7620MB (lfb 2x2MB) SWAP 160/3810MB (cached 0MB) CPU [40%@1728,45%@1728,50%@1728,36%@1728,81%@1728,9%@1728] GR3D_FREQ 69% cpu@53.875C soc2@52.718C soc0@52.437C gpu@53.875C tj@53.875C soc1@53.656C VDD_IN 7924mW/8280mW VDD_CPU_GPU_CV 2755mW/3048mW VDD_SOC 1655mW/1678mW
06-07-2026 13:07:36 RAM 5534/7620MB (lfb 2x2MB) SWAP 160/3810MB (cached 0MB) CPU [45%@1574,22%@1574,25%@1497,30%@1497,72%@1728,27%@1728] GR3D_FREQ 65% cpu@54C soc2@52.656C soc0@52.218C gpu@53.718C tj@54C soc1@53.812C VDD_IN 7884mW/8271mW VDD_CPU_GPU_CV 2755mW/3041mW VDD_SOC 1655mW/1678mW
06-07-2026 13:07:36 RAM 5534/7620MB (lfb 2x2MB) SWAP 160/3810MB (cached 0MB) CPU [77%@1574,27%@1574,20%@1574,10%@1574,77%@1651,10%@1651] GR3D_FREQ 70% cpu@53.937C soc2@52.718C soc0@52.156C gpu@53.656C tj@53.937C soc1@53.531C VDD_IN 7884mW/8262mW VDD_CPU_GPU_CV 2755mW/3035mW VDD_SOC 1655mW/1677mW
06-07-2026 13:07:36 RAM 5535/7620MB (lfb 2x2MB) SWAP 160/3810MB (cached 0MB) CPU [75%@1420,11%@1420,10%@1420,20%@1420,81%@1651,9%@1651] GR3D_FREQ 65% cpu@53.687C soc2@52.718C soc0@52.312C gpu@54.125C tj@54.125C soc1@53.593C VDD_IN 7805mW/8252mW VDD_CPU_GPU_CV 2676mW/3027mW VDD_SOC 1655mW/1677mW
06-07-2026 13:07:36 RAM 5535/7620MB (lfb 2x2MB) SWAP 160/3810MB (cached 0MB) CPU [72%@1420,18%@1420,22%@1420,18%@1420,70%@1651,9%@1651] GR3D_FREQ 68% cpu@53.625C soc2@52.781C soc0@52.437C gpu@53.656C tj@53.937C soc1@53.75C VDD_IN 7766mW/8242mW VDD_CPU_GPU_CV 2637mW/3019mW VDD_SOC 1655mW/1676mW
06-07-2026 13:07:36 RAM 5535/7620MB (lfb 2x2MB) SWAP 160/3810MB (cached 0MB) CPU [81%@1728,44%@1728,27%@1728,36%@1728,41%@1113,66%@1113] GR3D_FREQ 69% cpu@53.75C soc2@52.687C soc0@52.187C gpu@53.625C tj@53.75C soc1@53.593C VDD_IN 7884mW/8234mW VDD_CPU_GPU_CV 2715mW/3012mW VDD_SOC 1655mW/1676mW
06-07-2026 13:07:36 RAM 5535/7620MB (lfb 2x2MB) SWAP 160/3810MB (cached 0MB) CPU [45%@1728,63%@1728,72%@1728,20%@1728,20%@729,0%@729] GR3D_FREQ 66% cpu@53.812C soc2@52.687C soc0@52.187C gpu@54.031C tj@54.031C soc1@53.656C VDD_IN 7845mW/8226mW VDD_CPU_GPU_CV 2715mW/3006mW VDD_SOC 1655mW/1675mW
06-07-2026 13:07:36 RAM 5535/7620MB (lfb 2x2MB) SWAP 160/3810MB (cached 0MB) CPU [36%@1728,72%@1728,36%@1728,54%@1728,10%@729,0%@729] GR3D_FREQ 70% cpu@53.843C soc2@52.687C soc0@52.406C gpu@53.937C tj@53.937C soc1@53.718C VDD_IN 7805mW/8218mW VDD_CPU_GPU_CV 2676mW/3000mW VDD_SOC 1655mW/1675mW
06-07-2026 13:07:37 RAM 5535/7620MB (lfb 2x2MB) SWAP 160/3810MB (cached 0MB) CPU [54%@1728,54%@1728,55%@1728,50%@1728,36%@729,11%@729] GR3D_FREQ 76% cpu@54.25C soc2@52.687C soc0@52.218C gpu@53.875C tj@54.25C soc1@53.593C VDD_IN 7845mW/8211mW VDD_CPU_GPU_CV 2715mW/2994mW VDD_SOC 1655mW/1675mW
06-07-2026 13:07:37 RAM 5535/7620MB (lfb 2x2MB) SWAP 160/3810MB (cached 0MB) CPU [55%@883,54%@883,20%@883,41%@883,55%@1728,9%@1728] GR3D_FREQ 66% cpu@53.656C soc2@52.687C soc0@52.25C gpu@53.75C tj@53.75C soc1@53.625C VDD_IN 7845mW/8204mW VDD_CPU_GPU_CV 2715mW/2989mW VDD_SOC 1655mW/1674mW
06-07-2026 13:07:37 RAM 5535/7620MB (lfb 2x2MB) SWAP 160/3810MB (cached 0MB) CPU [54%@1728,33%@1728,40%@1728,20%@1728,72%@1728,20%@1728] GR3D_FREQ 67% cpu@53.781C soc2@52.75C soc0@52.343C gpu@53.656C tj@53.781C soc1@53.75C VDD_IN 7845mW/8197mW VDD_CPU_GPU_CV 2715mW/2983mW VDD_SOC 1655mW/1674mW
06-07-2026 13:07:37 RAM 5537/7620MB (lfb 2x2MB) SWAP 160/3810MB (cached 0MB) CPU [40%@1651,50%@1651,27%@1651,22%@1651,30%@1574,63%@1574] GR3D_FREQ 70% cpu@53.75C soc2@52.656C soc0@52.25C gpu@54.125C tj@54.125C soc1@53.593C VDD_IN 7845mW/8190mW VDD_CPU_GPU_CV 2715mW/2978mW VDD_SOC 1655mW/1674mW
06-07-2026 13:07:37 RAM 5537/7620MB (lfb 2x2MB) SWAP 160/3810MB (cached 0MB) CPU [36%@1113,46%@1113,11%@1113,54%@1113,20%@1651,80%@1651] GR3D_FREQ 65% cpu@53.75C soc2@52.656C soc0@52.312C gpu@53.937C tj@53.937C soc1@53.593C VDD_IN 7805mW/8183mW VDD_CPU_GPU_CV 2676mW/2973mW VDD_SOC 1655mW/1673mW
06-07-2026 13:07:37 RAM 5538/7620MB (lfb 2x2MB) SWAP 160/3810MB (cached 0MB) CPU [66%@1728,25%@1728,16%@1728,33%@1728,20%@1651,70%@1651] GR3D_FREQ 70% cpu@53.5C soc2@52.656C soc0@52.312C gpu@53.812C tj@53.812C soc1@53.687C VDD_IN 7766mW/8176mW VDD_CPU_GPU_CV 2637mW/2967mW VDD_SOC 1655mW/1673mW
06-07-2026 13:07:37 RAM 5538/7620MB (lfb 2x2MB) SWAP 160/3810MB (cached 0MB) CPU [70%@1344,25%@1344,10%@1344,10%@1344,20%@1651,81%@1651] GR3D_FREQ 67% cpu@53.562C soc2@52.687C soc0@52.187C gpu@53.718C tj@53.718C soc1@53.593C VDD_IN 7727mW/8168mW VDD_CPU_GPU_CV 2597mW/2960mW VDD_SOC 1655mW/1673mW
06-07-2026 13:07:37 RAM 5538/7620MB (lfb 2x2MB) SWAP 160/3810MB (cached 0MB) CPU [40%@1728,20%@1728,18%@1728,40%@1728,22%@1651,72%@1651] GR3D_FREQ 65% cpu@53.687C soc2@52.656C soc0@52.281C gpu@53.718C tj@53.718C soc1@53.656C VDD_IN 7687mW/8160mW VDD_CPU_GPU_CV 2597mW/2954mW VDD_SOC 1655mW/1672mW
06-07-2026 13:07:37 RAM 5538/7620MB (lfb 2x2MB) SWAP 160/3810MB (cached 0MB) CPU [20%@1420,10%@1420,18%@1420,63%@1420,20%@1574,72%@1574] GR3D_FREQ 69% cpu@53.562C soc2@52.656C soc0@52.25C gpu@53.625C tj@53.656C soc1@53.656C VDD_IN 7687mW/8152mW VDD_CPU_GPU_CV 2597mW/2948mW VDD_SOC 1655mW/1672mW
06-07-2026 13:07:38 RAM 5539/7620MB (lfb 2x2MB) SWAP 160/3810MB (cached 0MB) CPU [61%@1728,27%@1728,20%@1728,63%@1728,0%@1651,75%@1651] GR3D_FREQ 66% cpu@53.718C soc2@52.656C soc0@52.218C gpu@54.062C tj@54.062C soc1@53.75C VDD_IN 7687mW/8144mW VDD_CPU_GPU_CV 2597mW/2942mW VDD_SOC 1655mW/1672mW
06-07-2026 13:07:38 RAM 5539/7620MB (lfb 2x2MB) SWAP 160/3810MB (cached 0MB) CPU [44%@1497,36%@1497,36%@1497,55%@1497,0%@1651,70%@1651] GR3D_FREQ 65% cpu@53.718C soc2@52.625C soc0@52.281C gpu@53.812C tj@53.812C soc1@53.656C VDD_IN 7727mW/8137mW VDD_CPU_GPU_CV 2637mW/2937mW VDD_SOC 1655mW/1671mW
06-07-2026 13:07:38 RAM 5539/7620MB (lfb 2x2MB) SWAP 160/3810MB (cached 0MB) CPU [40%@1267,33%@1267,36%@1267,60%@1267,0%@1651,80%@1651] GR3D_FREQ 69% cpu@53.437C soc2@52.656C soc0@52.312C gpu@53.75C tj@53.75C soc1@53.718C VDD_IN 7727mW/8130mW VDD_CPU_GPU_CV 2637mW/2932mW VDD_SOC 1655mW/1671mW
06-07-2026 13:07:38 RAM 5539/7620MB (lfb 2x2MB) SWAP 160/3810MB (cached 0MB) CPU [20%@1344,36%@1344,10%@1344,66%@1344,0%@1651,72%@1651] GR3D_FREQ 67% cpu@53.718C soc2@52.718C soc0@52.187C gpu@53.656C tj@53.75C soc1@53.593C VDD_IN 7727mW/8124mW VDD_CPU_GPU_CV 2597mW/2927mW VDD_SOC 1655mW/1671mW
06-07-2026 13:07:38 RAM 5539/7620MB (lfb 2x2MB) SWAP 160/3810MB (cached 0MB) CPU [45%@1267,54%@1267,44%@1267,36%@1267,72%@1574,10%@1574] GR3D_FREQ 66% cpu@53.968C soc2@52.656C soc0@52.218C gpu@53.656C tj@53.875C soc1@53.687C VDD_IN 7766mW/8118mW VDD_CPU_GPU_CV 2637mW/2923mW VDD_SOC 1655mW/1671mW
06-07-2026 13:07:38 RAM 5539/7620MB (lfb 2x2MB) SWAP 160/3810MB (cached 0MB) CPU [50%@883,54%@883,30%@883,30%@883,9%@1651,70%@1651] GR3D_FREQ 69% cpu@53.593C soc2@52.687C soc0@52.375C gpu@54.093C tj@54.093C soc1@53.75C VDD_IN 7766mW/8113mW VDD_CPU_GPU_CV 2597mW/2918mW VDD_SOC 1655mW/1670mW
06-07-2026 13:07:38 RAM 5539/7620MB (lfb 2x2MB) SWAP 160/3810MB (cached 0MB) CPU [45%@806,50%@806,41%@806,30%@806,11%@1651,75%@1651] GR3D_FREQ 65% cpu@53.625C soc2@52.75C soc0@52.281C gpu@53.843C tj@53.687C soc1@53.656C VDD_IN 7766mW/8108mW VDD_CPU_GPU_CV 2597mW/2913mW VDD_SOC 1655mW/1670mW
06-07-2026 13:07:38 RAM 5539/7620MB (lfb 2x2MB) SWAP 160/3810MB (cached 0MB) CPU [58%@960,40%@960,36%@960,50%@960,30%@1574,80%@1574] GR3D_FREQ 68% cpu@53.562C soc2@52.656C soc0@52.281C gpu@53.781C tj@54.218C soc1@53.625C VDD_IN 7766mW/8103mW VDD_CPU_GPU_CV 2597mW/2908mW VDD_SOC 1655mW/1670mW
06-07-2026 13:07:38 RAM 5539/7620MB (lfb 2x2MB) SWAP 160/3810MB (cached 0MB) CPU [33%@1728,36%@1728,30%@1728,58%@1728,50%@1728,40%@1728] GR3D_FREQ 72% cpu@53.843C soc2@52.656C soc0@52.375C gpu@53.781C tj@53.843C soc1@53.718C VDD_IN 7805mW/8098mW VDD_CPU_GPU_CV 2637mW/2904mW VDD_SOC 1655mW/1670mW
06-07-2026 13:07:39 RAM 5539/7620MB (lfb 2x2MB) SWAP 160/3810MB (cached 0MB) CPU [53%@1728,36%@1728,11%@1728,33%@1728,80%@1728,20%@1728] GR3D_FREQ 64% cpu@53.906C soc2@52.843C soc0@52.187C gpu@53.656C tj@53.906C soc1@53.781C VDD_IN 7805mW/8094mW VDD_CPU_GPU_CV 2637mW/2900mW VDD_SOC 1655mW/1670mW
06-07-2026 13:07:39 RAM 5539/7620MB (lfb 2x2MB) SWAP 160/3810MB (cached 0MB) CPU [33%@1190,40%@1190,60%@1190,30%@1190,75%@1728,0%@1728] GR3D_FREQ 70% cpu@53.656C soc2@52.625C soc0@52.281C gpu@54.125C tj@54.125C soc1@53.656C VDD_IN 7845mW/8090mW VDD_CPU_GPU_CV 2637mW/2896mW VDD_SOC 1655mW/1669mW
06-07-2026 13:07:39 RAM 5539/7620MB (lfb 2x2MB) SWAP 160/3810MB (cached 0MB) CPU [36%@1190,22%@1190,60%@1190,20%@1190,40%@1728,40%@1728] GR3D_FREQ 70% cpu@53.812C soc2@52.75C soc0@52.25C gpu@54.031C tj@53.812C soc1@53.718C VDD_IN 7805mW/8086mW VDD_CPU_GPU_CV 2637mW/2893mW VDD_SOC 1655mW/1669mW
06-07-2026 13:07:39 RAM 5539/7620MB (lfb 2x2MB) SWAP 160/3810MB (cached 0MB) CPU [45%@1190,30%@1190,27%@1190,54%@1190,18%@1728,72%@1728] GR3D_FREQ 66% cpu@53.843C soc2@52.75C soc0@52.218C gpu@53.656C tj@53.843C soc1@53.593C VDD_IN 7805mW/8083mW VDD_CPU_GPU_CV 2637mW/2889mW VDD_SOC 1655mW/1669mW
06-07-2026 13:07:39 RAM 5539/7620MB (lfb 2x2MB) SWAP 160/3810MB (cached 0MB) CPU [30%@1574,36%@1574,54%@1574,63%@1574,27%@1651,80%@1651] GR3D_FREQ 78% cpu@54.156C soc2@52.656C soc0@52.281C gpu@53.75C tj@54.125C soc1@53.593C VDD_IN 7884mW/8080mW VDD_CPU_GPU_CV 2676mW/2886mW VDD_SOC 1655mW/1669mW
06-07-2026 13:07:39 RAM 5539/7620MB (lfb 2x2MB) SWAP 160/3810MB (cached 0MB) CPU [25%@1728,18%@1728,30%@1728,54%@1728,22%@1574,70%@1574] GR3D_FREQ 69% cpu@53.656C soc2@52.625C soc0@52.343C gpu@53.718C tj@53.718C soc1@53.687C VDD_IN 7884mW/8077mW VDD_CPU_GPU_CV 2715mW/2884mW VDD_SOC 1655mW/1669mW
06-07-2026 13:07:39 RAM 5539/7620MB (lfb 2x2MB) SWAP 160/3810MB (cached 0MB) CPU [25%@1190,22%@1190,72%@1190,11%@1190,30%@1728,77%@1728] GR3D_FREQ 64% cpu@53.812C soc2@52.718C soc0@52.531C gpu@53.687C tj@53.812C soc1@53.718C VDD_IN 7884mW/8075mW VDD_CPU_GPU_CV 2715mW/2882mW VDD_SOC 1655mW/1668mW
06-07-2026 13:07:39 RAM 5540/7620MB (lfb 2x2MB) SWAP 160/3810MB (cached 0MB) CPU [50%@1728,55%@1728,58%@1728,33%@1728,72%@1728,58%@1728] GR3D_FREQ 68% cpu@53.875C soc2@52.593C soc0@52.375C gpu@54.093C tj@53.875C soc1@53.562C VDD_IN 8003mW/8074mW VDD_CPU_GPU_CV 2794mW/2881mW VDD_SOC 1655mW/1668mW
06-07-2026 13:07:39 RAM 5540/7620MB (lfb 2x2MB) SWAP 160/3810MB (cached 0MB) CPU [30%@1728,27%@1728,50%@1728,54%@1728,72%@1651,18%@1651] GR3D_FREQ 71% cpu@53.812C soc2@52.812C soc0@52.218C gpu@53.875C tj@53.875C soc1@53.656C VDD_IN 8003mW/8073mW VDD_CPU_GPU_CV 2794mW/2879mW VDD_SOC 1655mW/1668mW
06-07-2026 13:07:39 RAM 5540/7620MB (lfb 2x2MB) SWAP 160/3810MB (cached 0MB) CPU [54%@1344,41%@1344,36%@1344,40%@1344,45%@1728,60%@1728] GR3D_FREQ 65% cpu@54.125C soc2@52.687C soc0@52.468C gpu@54.25C tj@54.25C soc1@53.718C VDD_IN 8042mW/8072mW VDD_CPU_GPU_CV 2794mW/2878mW VDD_SOC 1655mW/1668mW
06-07-2026 13:07:40 RAM 5540/7620MB (lfb 2x2MB) SWAP 160/3810MB (cached 0MB) CPU [63%@1728,33%@1728,36%@1728,36%@1728,20%@1728,72%@1728] GR3D_FREQ 71% cpu@54.156C soc2@52.781C soc0@52.312C gpu@54.062C tj@54.156C soc1@53.625C VDD_IN 8042mW/8072mW VDD_CPU_GPU_CV 2833mW/2878mW VDD_SOC 1655mW/1668mW
06-07-2026 13:07:40 RAM 5540/7620MB (lfb 2x2MB) SWAP 160/3810MB (cached 0MB) CPU [54%@1036,45%@1036,44%@1036,22%@1036,16%@1651,75%@1651] GR3D_FREQ 72% cpu@53.5C soc2@52.687C soc0@52.375C gpu@53.656C tj@53.656C soc1@53.656C VDD_IN 8003mW/8071mW VDD_CPU_GPU_CV 2794mW/2877mW VDD_SOC 1655mW/1668mW
06-07-2026 13:07:40 RAM 5540/7620MB (lfb 2x2MB) SWAP 160/3810MB (cached 0MB) CPU [33%@1113,66%@1113,40%@1113,30%@1113,10%@1651,80%@1651] GR3D_FREQ 65% cpu@53.875C soc2@52.781C soc0@52.406C gpu@53.812C tj@53.875C soc1@53.843C VDD_IN 8003mW/8070mW VDD_CPU_GPU_CV 2755mW/2875mW VDD_SOC 1655mW/1667mW
06-07-2026 13:07:40 RAM 5540/7620MB (lfb 2x2MB) SWAP 160/3810MB (cached 0MB) CPU [22%@1036,45%@1036,27%@1036,50%@1036,11%@1728,83%@1728] GR3D_FREQ 67% cpu@53.968C soc2@52.656C soc0@52.281C gpu@54C tj@54C soc1@53.593C VDD_IN 7963mW/8069mW VDD_CPU_GPU_CV 2755mW/2874mW VDD_SOC 1655mW/1667mW
06-07-2026 13:07:40 RAM 5540/7620MB (lfb 2x2MB) SWAP 160/3810MB (cached 0MB) CPU [66%@1728,10%@1728,27%@1728,70%@1728,20%@729,36%@729] GR3D_FREQ 69% cpu@53.843C soc2@52.75C soc0@52.343C gpu@53.656C tj@53.843C soc1@53.656C VDD_IN 7924mW/8067mW VDD_CPU_GPU_CV 2715mW/2872mW VDD_SOC 1655mW/1667mW
06-07-2026 13:07:40 RAM 5540/7620MB (lfb 2x2MB) SWAP 160/3810MB (cached 0MB) CPU [33%@1728,36%@1728,40%@1728,80%@1728,36%@729,30%@729] GR3D_FREQ 65% cpu@54.031C soc2@52.781C soc0@52.468C gpu@54.062C tj@54.062C soc1@53.906C VDD_IN 7884mW/8065mW VDD_CPU_GPU_CV 2715mW/2870mW VDD_SOC 1655mW/1667mW
06-07-2026 13:07:40 RAM 5540/7620MB (lfb 2x2MB) SWAP 160/3810MB (cached 0MB) CPU [54%@1728,30%@1728,33%@1728,80%@1728,50%@729,30%@729] GR3D_FREQ 71% cpu@53.812C soc2@52.718C soc0@52.312C gpu@53.968C tj@53.968C soc1@53.593C VDD_IN 7924mW/8063mW VDD_CPU_GPU_CV 2715mW/2868mW VDD_SOC 1655mW/1667mW
06-07-2026 13:07:40 RAM 5540/7620MB (lfb 2x2MB) SWAP 160/3810MB (cached 0MB) CPU [70%@1728,10%@1728,10%@1728,72%@1728,20%@729,27%@729] GR3D_FREQ 65% cpu@53.718C soc2@52.812C soc0@52.375C gpu@53.906C tj@53.906C soc1@53.656C VDD_IN 7884mW/8061mW VDD_CPU_GPU_CV 2715mW/2866mW VDD_SOC 1655mW/1667mW
06-07-2026 13:07:40 RAM 5540/7620MB (lfb 2x2MB) SWAP 160/3810MB (cached 0MB) CPU [22%@1728,27%@1728,40%@1728,80%@1728,45%@729,22%@729] GR3D_FREQ 68% cpu@54C soc2@52.812C soc0@52.406C gpu@53.781C tj@54C soc1@53.718C VDD_IN 7884mW/8059mW VDD_CPU_GPU_CV 2715mW/2865mW VDD_SOC 1655mW/1667mW
06-07-2026 13:07:41 RAM 5540/7620MB (lfb 2x2MB) SWAP 160/3810MB (cached 0MB) CPU [45%@1728,12%@1728,0%@1728,80%@1728,45%@1036,53%@1036] GR3D_FREQ 75% cpu@54.281C soc2@52.593C soc0@52.281C gpu@53.656C tj@54.281C soc1@53.593C VDD_IN 7924mW/8058mW VDD_CPU_GPU_CV 2715mW/2863mW VDD_SOC 1655mW/1666mW
06-07-2026 13:07:41 RAM 5541/7620MB (lfb 2x2MB) SWAP 160/3810MB (cached 0MB) CPU [60%@1728,22%@1728,30%@1728,83%@1728,30%@729,44%@729] GR3D_FREQ 62% cpu@53.843C soc2@52.812C soc0@52.406C gpu@54.125C tj@54.125C soc1@53.593C VDD_IN 7924mW/8056mW VDD_CPU_GPU_CV 2715mW/2861mW VDD_SOC 1655mW/1666mW
06-07-2026 13:07:41 RAM 5541/7620MB (lfb 2x2MB) SWAP 160/3810MB (cached 0MB) CPU [83%@1728,25%@1728,18%@1728,60%@1728,27%@729,27%@729] GR3D_FREQ 67% cpu@53.906C soc2@52.843C soc0@52.406C gpu@54.062C tj@54.062C soc1@53.75C VDD_IN 7924mW/8055mW VDD_CPU_GPU_CV 2715mW/2860mW VDD_SOC 1655mW/1666mW
06-07-2026 13:07:41 RAM 5541/7620MB (lfb 2x2MB) SWAP 160/3810MB (cached 0MB) CPU [10%@1728,72%@1728,22%@1728,0%@1728,11%@1497,72%@1497] GR3D_FREQ 68% cpu@53.812C soc2@52.593C soc0@52.281C gpu@53.718C tj@53.812C soc1@53.656C VDD_IN 7884mW/8053mW VDD_CPU_GPU_CV 2715mW/2858mW VDD_SOC 1655mW/1666mW
06-07-2026 13:07:41 RAM 5543/7620MB (lfb 2x2MB) SWAP 160/3810MB (cached 0MB) CPU [66%@1728,20%@1728,9%@1728,11%@1728,18%@1497,77%@1497] GR3D_FREQ 65% cpu@53.937C soc2@52.781C soc0@52.375C gpu@54.093C tj@54.093C soc1@53.718C VDD_IN 7845mW/8051mW VDD_CPU_GPU_CV 2715mW/2856mW VDD_SOC 1655mW/1666mW
06-07-2026 13:07:41 RAM 5543/7620MB (lfb 2x2MB) SWAP 160/3810MB (cached 0MB) CPU [90%@1728,0%@1728,0%@1728,22%@1728,11%@1344,72%@1344] GR3D_FREQ 70% cpu@53.656C soc2@52.843C soc0@52.406C gpu@54.031C tj@54.031C soc1@53.781C VDD_IN 7845mW/8048mW VDD_CPU_GPU_CV 2715mW/2855mW VDD_SOC 1655mW/1666mW
06-07-2026 13:07:41 RAM 5543/7620MB (lfb 2x2MB) SWAP 160/3810MB (cached 0MB) CPU [90%@1728,9%@1728,10%@1728,33%@1728,50%@1344,45%@1344] GR3D_FREQ 70% cpu@53.875C soc2@52.843C soc0@52.562C gpu@53.875C tj@53.875C soc1@53.843C VDD_IN 7845mW/8046mW VDD_CPU_GPU_CV 2715mW/2853mW VDD_SOC 1655mW/1666mW
06-07-2026 13:07:41 RAM 5544/7620MB (lfb 2x2MB) SWAP 160/3810MB (cached 0MB) CPU [50%@1728,54%@1728,45%@1728,44%@1728,27%@729,30%@729] GR3D_FREQ 65% cpu@54.125C soc2@52.593C soc0@52.343C gpu@53.812C tj@53.937C soc1@53.625C VDD_IN 7884mW/8045mW VDD_CPU_GPU_CV 2755mW/2852mW VDD_SOC 1655mW/1666mW
06-07-2026 13:07:41 RAM 5544/7620MB (lfb 2x2MB) SWAP 160/3810MB (cached 0MB) CPU [22%@1420,30%@1420,80%@1420,18%@1420,70%@1728,0%@1728] GR3D_FREQ 69% cpu@53.812C soc2@52.718C soc0@52.406C gpu@53.781C tj@53.812C soc1@53.656C VDD_IN 7884mW/8043mW VDD_CPU_GPU_CV 2715mW/2851mW VDD_SOC 1655mW/1665mW
06-07-2026 13:07:41 RAM 5544/7620MB (lfb 2x2MB) SWAP 160/3810MB (cached 0MB) CPU [25%@1497,30%@1497,35%@1497,50%@1497,72%@1728,18%@1728] GR3D_FREQ 66% cpu@53.875C soc2@52.781C soc0@52.531C gpu@54.218C tj@54.218C soc1@53.843C VDD_IN 7845mW/8041mW VDD_CPU_GPU_CV 2715mW/2850mW VDD_SOC 1655mW/1665mW
06-07-2026 13:07:42 RAM 5544/7620MB (lfb 2x2MB) SWAP 160/3810MB (cached 0MB) CPU [40%@1728,27%@1728,33%@1728,50%@1728,50%@1651,40%@1651] GR3D_FREQ 66% cpu@53.875C soc2@52.687C soc0@52.281C gpu@54.062C tj@54.062C soc1@53.656C VDD_IN 7845mW/8039mW VDD_CPU_GPU_CV 2715mW/2848mW VDD_SOC 1655mW/1665mW
06-07-2026 13:07:42 RAM 5544/7620MB (lfb 2x2MB) SWAP 160/3810MB (cached 0MB) CPU [44%@1574,20%@1574,50%@1574,33%@1574,9%@1651,72%@1651] GR3D_FREQ 68% cpu@53.656C soc2@52.687C soc0@52.375C gpu@53.687C tj@53.687C soc1@53.687C VDD_IN 7845mW/8037mW VDD_CPU_GPU_CV 2676mW/2846mW VDD_SOC 1655mW/1665mW
06-07-2026 13:07:42 RAM 5545/7620MB (lfb 2x2MB) SWAP 160/3810MB (cached 0MB) CPU [58%@1728,41%@1728,40%@1728,36%@1728,0%@1651,70%@1651] GR3D_FREQ 68% cpu@53.875C soc2@52.812C soc0@52.5C gpu@53.843C tj@53.875C soc1@53.75C VDD_IN 7805mW/8035mW VDD_CPU_GPU_CV 2676mW/2845mW VDD_SOC 1655mW/1665mW
06-07-2026 13:07:42 RAM 5545/7620MB (lfb 2x2MB) SWAP 160/3810MB (cached 0MB) CPU [44%@1267,25%@1267,12%@1267,45%@1267,0%@1497,77%@1497] GR3D_FREQ 65% cpu@53.781C soc2@52.656C soc0@52.375C gpu@53.718C tj@53.781C soc1@53.656C VDD_IN 7805mW/8032mW VDD_CPU_GPU_CV 2637mW/2843mW VDD_SOC 1655mW/1665mW
06-07-2026 13:07:42 RAM 5544/7620MB (lfb 2x2MB) SWAP 160/3810MB (cached 0MB) CPU [11%@1190,27%@1190,60%@1190,27%@1190,27%@1651,76%@1651] GR3D_FREQ 70% cpu@53.968C soc2@52.593C soc0@52.375C gpu@53.687C tj@53.687C soc1@53.687C VDD_IN 7805mW/8030mW VDD_CPU_GPU_CV 2637mW/2841mW VDD_SOC 1655mW/1665mW
06-07-2026 13:07:42 RAM 5546/7620MB (lfb 2x2MB) SWAP 160/3810MB (cached 0MB) CPU [36%@1728,27%@1728,66%@1728,9%@1728,30%@1651,81%@1651] GR3D_FREQ 68% cpu@53.843C soc2@52.781C soc0@52.531C gpu@54.187C tj@54.187C soc1@53.843C VDD_IN 7805mW/8028mW VDD_CPU_GPU_CV 2637mW/2839mW VDD_SOC 1655mW/1665mW
06-07-2026 13:07:42 RAM 5547/7620MB (lfb 2x2MB) SWAP 160/3810MB (cached 0MB) CPU [11%@1267,27%@1267,70%@1267,18%@1267,20%@1651,72%@1651] GR3D_FREQ 65% cpu@53.906C soc2@52.687C soc0@52.406C gpu@54C tj@54C soc1@53.656C VDD_IN 7805mW/8026mW VDD_CPU_GPU_CV 2637mW/2837mW VDD_SOC 1655mW/1665mW
06-07-2026 13:07:42 RAM 5544/7620MB (lfb 2x2MB) SWAP 160/3810MB (cached 0MB) CPU [46%@1267,55%@1267,30%@1267,30%@1267,22%@1728,72%@1728] GR3D_FREQ 69% cpu@53.656C soc2@52.687C soc0@52.406C gpu@53.843C tj@53.843C soc1@53.75C VDD_IN 7845mW/8024mW VDD_CPU_GPU_CV 2676mW/2835mW VDD_SOC 1655mW/1665mW
06-07-2026 13:07:42 RAM 5544/7620MB (lfb 2x2MB) SWAP 160/3810MB (cached 0MB) CPU [27%@1420,9%@1420,0%@1420,75%@1420,36%@1728,77%@1728] GR3D_FREQ 68% cpu@53.656C soc2@52.687C soc0@52.406C gpu@53.843C tj@53.843C soc1@53.687C VDD_IN 7845mW/8022mW VDD_CPU_GPU_CV 2676mW/2834mW VDD_SOC 1655mW/1664mW
06-07-2026 13:07:43 RAM 5545/7620MB (lfb 2x2MB) SWAP 160/3810MB (cached 0MB) CPU [36%@1497,20%@1497,45%@1497,44%@1497,9%@1651,72%@1651] GR3D_FREQ 66% cpu@53.75C soc2@52.781C soc0@52.468C gpu@53.718C tj@53.968C soc1@53.968C VDD_IN 7805mW/8020mW VDD_CPU_GPU_CV 2637mW/2832mW VDD_SOC 1655mW/1664mW
06-07-2026 13:07:43 RAM 5545/7620MB (lfb 2x2MB) SWAP 160/3810MB (cached 0MB) CPU [27%@1728,20%@1728,72%@1728,27%@1728,9%@1651,72%@1651] GR3D_FREQ 70% cpu@53.75C soc2@52.687C soc0@52.343C gpu@54.187C tj@54.187C soc1@53.656C VDD_IN 7766mW/8018mW VDD_CPU_GPU_CV 2637mW/2830mW VDD_SOC 1655mW/1664mW
06-07-2026 13:07:43 RAM 5545/7620MB (lfb 2x2MB) SWAP 160/3810MB (cached 0MB) CPU [30%@1497,33%@1497,70%@1497,18%@1497,18%@1651,80%@1651] GR3D_FREQ 68% cpu@53.812C soc2@52.656C soc0@52.437C gpu@54.031C tj@54.031C soc1@53.718C VDD_IN 7766mW/8016mW VDD_CPU_GPU_CV 2637mW/2828mW VDD_SOC 1655mW/1664mW
06-07-2026 13:07:43 RAM 5546/7620MB (lfb 2x2MB) SWAP 160/3810MB (cached 0MB) CPU [22%@1497,44%@1497,50%@1497,40%@1497,11%@1651,70%@1651] GR3D_FREQ 66% cpu@53.906C soc2@52.812C soc0@52.281C gpu@54.031C tj@54.031C soc1@53.937C VDD_IN 7805mW/8014mW VDD_CPU_GPU_CV 2637mW/2827mW VDD_SOC 1655mW/1664mW
06-07-2026 13:07:43 RAM 5546/7620MB (lfb 2x2MB) SWAP 160/3810MB (cached 0MB) CPU [33%@1651,63%@1651,18%@1651,22%@1651,18%@1651,72%@1651] GR3D_FREQ 70% cpu@53.906C soc2@52.656C soc0@52.437C gpu@53.75C tj@53.906C soc1@53.687C VDD_IN 7805mW/8012mW VDD_CPU_GPU_CV 2676mW/2825mW VDD_SOC 1655mW/1664mW
06-07-2026 13:07:43 RAM 5546/7620MB (lfb 2x2MB) SWAP 160/3810MB (cached 0MB) CPU [18%@1651,36%@1651,18%@1651,54%@1651,20%@1651,72%@1651] GR3D_FREQ 65% cpu@53.687C soc2@52.718C soc0@52.406C gpu@53.937C tj@53.718C soc1@53.75C VDD_IN 7805mW/8010mW VDD_CPU_GPU_CV 2676mW/2824mW VDD_SOC 1655mW/1664mW
06-07-2026 13:07:43 RAM 5547/7620MB (lfb 2x2MB) SWAP 160/3810MB (cached 0MB) CPU [30%@1728,54%@1728,18%@1728,30%@1728,33%@1651,77%@1651] GR3D_FREQ 69% cpu@53.781C soc2@52.75C soc0@52.562C gpu@54.281C tj@54.281C soc1@53.937C VDD_IN 7805mW/8008mW VDD_CPU_GPU_CV 2676mW/2823mW VDD_SOC 1655mW/1664mW
06-07-2026 13:07:43 RAM 5541/7620MB (lfb 2x2MB) SWAP 160/3810MB (cached 0MB) CPU [50%@1651,44%@1651,10%@1651,9%@1651,30%@1497,72%@1497] GR3D_FREQ 69% cpu@53.875C soc2@52.718C soc0@52.406C gpu@53.812C tj@53.875C soc1@53.593C VDD_IN 7805mW/8006mW VDD_CPU_GPU_CV 2676mW/2821mW VDD_SOC 1655mW/1664mW
06-07-2026 13:07:43 RAM 5541/7620MB (lfb 2x2MB) SWAP 160/3810MB (cached 0MB) CPU [66%@1574,33%@1574,10%@1574,0%@1574,27%@1728,81%@1728] GR3D_FREQ 63% cpu@53.593C soc2@52.718C soc0@52.375C gpu@53.843C tj@53.843C soc1@53.687C VDD_IN 7805mW/8005mW VDD_CPU_GPU_CV 2676mW/2820mW VDD_SOC 1655mW/1664mW
06-07-2026 13:07:44 RAM 5541/7620MB (lfb 2x2MB) SWAP 160/3810MB (cached 0MB) CPU [11%@1497,36%@1497,20%@1497,75%@1497,40%@1728,66%@1728] GR3D_FREQ 70% cpu@53.906C soc2@52.718C soc0@52.468C gpu@54.156C tj@54.156C soc1@53.781C VDD_IN 7884mW/8004mW VDD_CPU_GPU_CV 2715mW/2819mW VDD_SOC 1655mW/1664mW
06-07-2026 13:07:44 RAM 5541/7620MB (lfb 2x2MB) SWAP 160/3810MB (cached 0MB) CPU [45%@1728,27%@1728,10%@1728,50%@1728,18%@1651,72%@1651] GR3D_FREQ 70% cpu@53.75C soc2@52.781C soc0@52.312C gpu@54.062C tj@54.062C soc1@53.687C VDD_IN 7884mW/8003mW VDD_CPU_GPU_CV 2715mW/2818mW VDD_SOC 1655mW/1664mW
06-07-2026 13:07:44 RAM 5541/7620MB (lfb 2x2MB) SWAP 160/3810MB (cached 0MB) CPU [33%@1728,36%@1728,30%@1728,71%@1728,0%@1728,72%@1728] GR3D_FREQ 63% cpu@53.656C soc2@52.75C soc0@52.375C gpu@53.906C tj@53.906C soc1@53.75C VDD_IN 7845mW/8001mW VDD_CPU_GPU_CV 2715mW/2817mW VDD_SOC 1655mW/1663mW
06-07-2026 13:07:44 RAM 5542/7620MB (lfb 2x2MB) SWAP 160/3810MB (cached 0MB) CPU [20%@1728,27%@1728,11%@1728,60%@1728,18%@1728,81%@1728] GR3D_FREQ 69% cpu@53.718C soc2@52.75C soc0@52.437C gpu@53.781C tj@53.781C soc1@53.781C VDD_IN 7845mW/8000mW VDD_CPU_GPU_CV 2676mW/2816mW VDD_SOC 1655mW/1663mW
06-07-2026 13:07:44 RAM 5542/7620MB (lfb 2x2MB) SWAP 160/3810MB (cached 0MB) CPU [12%@1574,40%@1574,45%@1574,50%@1574,0%@1651,70%@1651] GR3D_FREQ 71% cpu@54.093C soc2@52.75C soc0@52.343C gpu@53.781C tj@54.093C soc1@53.843C VDD_IN 7845mW/7999mW VDD_CPU_GPU_CV 2715mW/2815mW VDD_SOC 1655mW/1663mW
06-07-2026 13:07:44 RAM 5542/7620MB (lfb 2x2MB) SWAP 160/3810MB (cached 0MB) CPU [61%@1574,33%@1574,20%@1574,36%@1574,0%@1574,72%@1574] GR3D_FREQ 65% cpu@53.781C soc2@52.875C soc0@52.375C gpu@53.75C tj@53.781C soc1@53.718C VDD_IN 7805mW/7997mW VDD_CPU_GPU_CV 2676mW/2814mW VDD_SOC 1655mW/1663mW
06-07-2026 13:07:44 RAM 5542/7620MB (lfb 2x2MB) SWAP 160/3810MB (cached 0MB) CPU [40%@1728,30%@1728,27%@1728,60%@1728,27%@1651,81%@1651] GR3D_FREQ 70% cpu@53.75C soc2@52.812C soc0@52.437C gpu@54.125C tj@54.125C soc1@53.687C VDD_IN 7805mW/7995mW VDD_CPU_GPU_CV 2676mW/2813mW VDD_SOC 1655mW/1663mW
06-07-2026 13:07:44 RAM 5548/7620MB (lfb 3x1MB) SWAP 160/3810MB (cached 0MB) CPU [14%@1574,58%@1574,72%@1574,30%@1574,20%@1651,80%@1651] GR3D_FREQ 68% cpu@53.968C soc2@52.843C soc0@52.468C gpu@54.031C tj@54.031C soc1@53.968C VDD_IN 7924mW/7995mW VDD_CPU_GPU_CV 2755mW/2813mW VDD_SOC 1655mW/1663mW
06-07-2026 13:07:44 RAM 5550/7620MB (lfb 3x1MB) SWAP 160/3810MB (cached 0MB) CPU [25%@1728,22%@1728,80%@1728,27%@1728,30%@1651,57%@1651] GR3D_FREQ 65% cpu@54.343C soc2@52.687C soc0@52.437C gpu@53.968C tj@54.343C soc1@53.75C VDD_IN 7924mW/7994mW VDD_CPU_GPU_CV 2755mW/2812mW VDD_SOC 1655mW/1663mW
06-07-2026 13:07:44 RAM 5550/7620MB (lfb 3x1MB) SWAP 160/3810MB (cached 0MB) CPU [33%@1574,36%@1574,33%@1574,60%@1574,60%@1728,0%@1728] GR3D_FREQ 67% cpu@53.781C soc2@52.843C soc0@52.406C gpu@54.125C tj@54.125C soc1@53.75C VDD_IN 7884mW/7993mW VDD_CPU_GPU_CV 2755mW/2812mW VDD_SOC 1655mW/1663mW
06-07-2026 13:07:45 RAM 5550/7620MB (lfb 3x1MB) SWAP 160/3810MB (cached 0MB) CPU [0%@1574,41%@1574,33%@1574,66%@1574,78%@1651,9%@1651] GR3D_FREQ 70% cpu@54.031C soc2@52.687C soc0@52.5C gpu@53.968C tj@54.031C soc1@53.781C VDD_IN 7884mW/7993mW VDD_CPU_GPU_CV 2755mW/2811mW VDD_SOC 1655mW/1663mW
06-07-2026 13:07:45 RAM 5550/7620MB (lfb 3x1MB) SWAP 160/3810MB (cached 0MB) CPU [36%@1728,36%@1728,63%@1728,20%@1728,30%@1651,60%@1651] GR3D_FREQ 65% cpu@53.812C soc2@52.718C soc0@52.406C gpu@53.812C tj@53.843C soc1@53.843C VDD_IN 7884mW/7992mW VDD_CPU_GPU_CV 2755mW/2811mW VDD_SOC 1655mW/1663mW
06-07-2026 13:07:45 RAM 5550/7620MB (lfb 3x1MB) SWAP 160/3810MB (cached 0MB) CPU [27%@1497,27%@1497,80%@1497,18%@1497,10%@1651,70%@1651] GR3D_FREQ 69% cpu@53.75C soc2@52.718C soc0@52.406C gpu@53.75C tj@53.75C soc1@53.718C VDD_IN 7845mW/7991mW VDD_CPU_GPU_CV 2715mW/2810mW VDD_SOC 1655mW/1663mW
06-07-2026 13:07:45 RAM 5552/7620MB (lfb 3x1MB) SWAP 160/3810MB (cached 0MB) CPU [20%@1420,12%@1420,20%@1420,50%@1420,10%@1651,80%@1651] GR3D_FREQ 65% cpu@53.593C soc2@52.781C soc0@52.437C gpu@54.25C tj@54.25C soc1@53.906C VDD_IN 7805mW/7989mW VDD_CPU_GPU_CV 2676mW/2809mW VDD_SOC 1655mW/1663mW
06-07-2026 13:07:45 RAM 5553/7620MB (lfb 3x1MB) SWAP 160/3810MB (cached 0MB) CPU [20%@1728,33%@1728,10%@1728,60%@1728,18%@1728,70%@1728] GR3D_FREQ 63% cpu@53.687C soc2@52.812C soc0@52.5C gpu@53.781C tj@53.937C soc1@53.937C VDD_IN 7766mW/7987mW VDD_CPU_GPU_CV 2676mW/2808mW VDD_SOC 1655mW/1663mW
06-07-2026 13:07:45 RAM 5553/7620MB (lfb 3x1MB) SWAP 160/3810MB (cached 0MB) CPU [54%@1497,50%@1497,25%@1497,18%@1497,18%@1497,72%@1497] GR3D_FREQ 69% cpu@53.593C soc2@52.718C soc0@52.375C gpu@53.718C tj@53.718C soc1@53.656C VDD_IN 7805mW/7986mW VDD_CPU_GPU_CV 2637mW/2807mW VDD_SOC 1655mW/1663mW
06-07-2026 13:07:45 RAM 5553/7620MB (lfb 3x1MB) SWAP 160/3810MB (cached 0MB) CPU [45%@1497,66%@1497,11%@1497,16%@1497,0%@1651,77%@1651] GR3D_FREQ 65% cpu@53.468C soc2@52.843C soc0@52.406C gpu@54.125C tj@54.125C soc1@53.843C VDD_IN 7727mW/7984mW VDD_CPU_GPU_CV 2637mW/2805mW VDD_SOC 1655mW/1663mW
06-07-2026 13:07:45 RAM 5553/7620MB (lfb 3x1MB) SWAP 160/3810MB (cached 0MB) CPU [30%@1728,63%@1728,27%@1728,11%@1728,0%@1651,70%@1651] GR3D_FREQ 65% cpu@53.562C soc2@52.75C soc0@52.437C gpu@54.093C tj@54.093C soc1@53.812C VDD_IN 7727mW/7982mW VDD_CPU_GPU_CV 2637mW/2804mW VDD_SOC 1655mW/1663mW
06-07-2026 13:07:45 RAM 5553/7620MB (lfb 3x1MB) SWAP 160/3810MB (cached 0MB) CPU [36%@729,50%@729,40%@729,45%@729,25%@1728,81%@1728] GR3D_FREQ 69% cpu@53.937C soc2@52.843C soc0@52.406C gpu@53.968C tj@53.968C soc1@53.656C VDD_IN 7766mW/7980mW VDD_CPU_GPU_CV 2637mW/2803mW VDD_SOC 1655mW/1662mW
06-07-2026 13:07:46 RAM 5553/7620MB (lfb 3x1MB) SWAP 160/3810MB (cached 0MB) CPU [30%@1728,50%@1728,18%@1728,11%@1728,30%@1728,81%@1728] GR3D_FREQ 66% cpu@53.75C soc2@52.781C soc0@52.375C gpu@53.843C tj@53.843C soc1@53.656C VDD_IN 7805mW/7979mW VDD_CPU_GPU_CV 2676mW/2802mW VDD_SOC 1655mW/1662mW
06-07-2026 13:07:46 RAM 5553/7620MB (lfb 3x1MB) SWAP 160/3810MB (cached 0MB) CPU [27%@1728,36%@1728,20%@1728,60%@1728,0%@1728,90%@1728] GR3D_FREQ 70% cpu@53.718C soc2@52.75C soc0@52.437C gpu@53.812C tj@53.843C soc1@53.843C VDD_IN 7845mW/7978mW VDD_CPU_GPU_CV 2715mW/2801mW VDD_SOC 1655mW/1662mW
06-07-2026 13:07:46 RAM 5553/7620MB (lfb 3x1MB) SWAP 160/3810MB (cached 0MB) CPU [20%@1344,20%@1344,20%@1344,75%@1344,0%@1728,81%@1728] GR3D_FREQ 71% cpu@53.781C soc2@52.75C soc0@52.343C gpu@53.968C tj@53.968C soc1@53.812C VDD_IN 7845mW/7977mW VDD_CPU_GPU_CV 2715mW/2801mW VDD_SOC 1616mW/1662mW
06-07-2026 13:07:46 RAM 5553/7620MB (lfb 3x1MB) SWAP 160/3810MB (cached 0MB) CPU [36%@1728,30%@1728,10%@1728,70%@1728,0%@1728,81%@1728] GR3D_FREQ 68% cpu@54C soc2@52.843C soc0@52.406C gpu@53.843C tj@54C soc1@53.593C VDD_IN 7845mW/7976mW VDD_CPU_GPU_CV 2755mW/2800mW VDD_SOC 1655mW/1662mW
06-07-2026 13:07:46 RAM 5553/7620MB (lfb 3x1MB) SWAP 160/3810MB (cached 0MB) CPU [60%@1728,33%@1728,20%@1728,33%@1728,0%@1728,81%@1728] GR3D_FREQ 67% cpu@53.625C soc2@52.843C soc0@52.468C gpu@53.75C tj@53.843C soc1@53.843C VDD_IN 7884mW/7976mW VDD_CPU_GPU_CV 2755mW/2800mW VDD_SOC 1616mW/1662mW
06-07-2026 13:07:46 RAM 5554/7620MB (lfb 3x1MB) SWAP 160/3810MB (cached 0MB) CPU [18%@1344,22%@1344,70%@1344,27%@1344,0%@1728,80%@1728] GR3D_FREQ 70% cpu@53.906C soc2@52.875C soc0@52.531C gpu@54.343C tj@54.343C soc1@53.875C VDD_IN 7884mW/7975mW VDD_CPU_GPU_CV 2755mW/2800mW VDD_SOC 1616mW/1661mW
06-07-2026 13:07:46 RAM 5554/7620MB (lfb 3x1MB) SWAP 160/3810MB (cached 0MB) CPU [11%@1728,20%@1728,72%@1728,22%@1728,0%@1728,90%@1728] GR3D_FREQ 69% cpu@54.031C soc2@52.718C soc0@52.437C gpu@54.156C tj@54.156C soc1@53.656C VDD_IN 7884mW/7974mW VDD_CPU_GPU_CV 2794mW/2800mW VDD_SOC 1616mW/1661mW
06-07-2026 13:07:46 RAM 5554/7620MB (lfb 3x1MB) SWAP 160/3810MB (cached 0MB) CPU [33%@1344,60%@1344,30%@1344,27%@1344,0%@1728,83%@1728] GR3D_FREQ 68% cpu@53.718C soc2@52.843C soc0@52.437C gpu@54.062C tj@54.062C soc1@53.781C VDD_IN 7884mW/7974mW VDD_CPU_GPU_CV 2794mW/2800mW VDD_SOC 1616mW/1661mW
06-07-2026 13:07:46 RAM 5554/7620MB (lfb 3x1MB) SWAP 160/3810MB (cached 0MB) CPU [33%@1190,72%@1190,30%@1190,10%@1190,0%@1728,80%@1728] GR3D_FREQ 67% cpu@53.687C soc2@52.843C soc0@52.437C gpu@53.875C tj@53.875C soc1@53.812C VDD_IN 7884mW/7973mW VDD_CPU_GPU_CV 2755mW/2799mW VDD_SOC 1616mW/1660mW
06-07-2026 13:07:47 RAM 5552/7620MB (lfb 3x1MB) SWAP 160/3810MB (cached 0MB) CPU [37%@1728,60%@1728,44%@1728,81%@1728,40%@1190,69%@1190] GR3D_FREQ 73% cpu@54.187C soc2@52.968C soc0@52.343C gpu@53.906C tj@54.187C soc1@53.937C VDD_IN 8042mW/7974mW VDD_CPU_GPU_CV 2833mW/2800mW VDD_SOC 1655mW/1660mW
06-07-2026 13:07:47 RAM 5552/7620MB (lfb 3x1MB) SWAP 160/3810MB (cached 0MB) CPU [72%@1728,33%@1728,63%@1728,44%@1728,33%@729,45%@729] GR3D_FREQ 69% cpu@54.062C soc2@52.906C soc0@52.437C gpu@53.781C tj@54.062C soc1@53.843C VDD_IN 8121mW/7975mW VDD_CPU_GPU_CV 2873mW/2800mW VDD_SOC 1655mW/1660mW
06-07-2026 13:07:47 RAM 5555/7620MB (lfb 3x1MB) SWAP 160/3810MB (cached 0MB) CPU [55%@1574,50%@1574,72%@1574,60%@1574,50%@1728,11%@1728] GR3D_FREQ 62% cpu@54.25C soc2@52.906C soc0@52.531C gpu@54.25C tj@54.5C soc1@53.906C VDD_IN 8160mW/7976mW VDD_CPU_GPU_CV 2912mW/2801mW VDD_SOC 1655mW/1660mW
06-07-2026 13:07:47 RAM 5546/7620MB (lfb 2x2MB) SWAP 160/3810MB (cached 0MB) CPU [45%@1728,30%@1728,87%@1728,36%@1728,80%@1728,27%@1728] GR3D_FREQ 69% cpu@54.25C soc2@52.906C soc0@52.437C gpu@54.125C tj@54.25C soc1@54.062C VDD_IN 8200mW/7977mW VDD_CPU_GPU_CV 2991mW/2802mW VDD_SOC 1655mW/1660mW
06-07-2026 13:07:47 RAM 5544/7620MB (lfb 2x2MB) SWAP 160/3810MB (cached 0MB) CPU [20%@1574,36%@1574,81%@1574,18%@1574,90%@1728,18%@1728] GR3D_FREQ 70% cpu@54.343C soc2@52.812C soc0@52.437C gpu@54C tj@54.343C soc1@53.718C VDD_IN 8160mW/7979mW VDD_CPU_GPU_CV 2952mW/2803mW VDD_SOC 1655mW/1660mW
06-07-2026 13:07:47 RAM 5544/7620MB (lfb 2x2MB) SWAP 160/3810MB (cached 0MB) CPU [27%@1728,10%@1728,72%@1728,0%@1728,81%@1728,11%@1728] GR3D_FREQ 68% cpu@54.156C soc2@52.875C soc0@52.437C gpu@53.968C tj@54.156C soc1@53.875C VDD_IN 8121mW/7980mW VDD_CPU_GPU_CV 2952mW/2804mW VDD_SOC 1655mW/1660mW
06-07-2026 13:07:47 RAM 5544/7620MB (lfb 2x2MB) SWAP 160/3810MB (cached 0MB) CPU [22%@1574,33%@1574,36%@1574,66%@1574,81%@1728,18%@1728] GR3D_FREQ 66% cpu@54.093C soc2@52.875C soc0@52.625C gpu@53.843C tj@54.093C soc1@53.968C VDD_IN 8081mW/7980mW VDD_CPU_GPU_CV 2952mW/2805mW VDD_SOC 1616mW/1660mW
06-07-2026 13:07:47 RAM 5544/7620MB (lfb 2x2MB) SWAP 160/3810MB (cached 0MB) CPU [36%@1497,14%@1497,60%@1497,33%@1497,90%@1728,10%@1728] GR3D_FREQ 68% cpu@54.25C soc2@52.875C soc0@52.437C gpu@54.343C tj@54.343C soc1@53.781C VDD_IN 8081mW/7981mW VDD_CPU_GPU_CV 2952mW/2806mW VDD_SOC 1616mW/1660mW
06-07-2026 13:07:47 RAM 5548/7620MB (lfb 2x2MB) SWAP 160/3810MB (cached 0MB) CPU [54%@1728,20%@1728,33%@1728,11%@1728,87%@1728,41%@1728] GR3D_FREQ 73% cpu@53.968C soc2@52.812C soc0@52.437C gpu@54.125C tj@54.125C soc1@53.843C VDD_IN 8081mW/7982mW VDD_CPU_GPU_CV 2912mW/2807mW VDD_SOC 1616mW/1659mW
06-07-2026 13:07:47 RAM 5548/7620MB (lfb 2x2MB) SWAP 160/3810MB (cached 0MB) CPU [25%@1113,45%@1113,30%@1113,41%@1113,90%@1728,10%@1728] GR3D_FREQ 70% cpu@53.968C soc2@52.906C soc0@52.593C gpu@54.062C tj@54.062C soc1@53.875C VDD_IN 8042mW/7982mW VDD_CPU_GPU_CV 2873mW/2807mW VDD_SOC 1616mW/1659mW
06-07-2026 13:07:48 RAM 5548/7620MB (lfb 2x2MB) SWAP 160/3810MB (cached 0MB) CPU [50%@1190,45%@1190,36%@1190,33%@1190,91%@1728,20%@1728] GR3D_FREQ 71% cpu@54.187C soc2@52.875C soc0@52.437C gpu@53.937C tj@54C soc1@53.812C VDD_IN 8042mW/7982mW VDD_CPU_GPU_CV 2873mW/2808mW VDD_SOC 1616mW/1659mW
06-07-2026 13:07:48 RAM 5548/7620MB (lfb 2x2MB) SWAP 160/3810MB (cached 0MB) CPU [50%@806,30%@806,33%@1728,27%@1728,90%@1728,0%@1728] GR3D_FREQ 75% cpu@53.937C soc2@52.906C soc0@52.5C gpu@53.937C tj@53.937C soc1@53.812C VDD_IN 8003mW/7982mW VDD_CPU_GPU_CV 2873mW/2808mW VDD_SOC 1616mW/1658mW
06-07-2026 13:07:48 RAM 5548/7620MB (lfb 2x2MB) SWAP 160/3810MB (cached 0MB) CPU [45%@1728,40%@883,54%@883,30%@883,81%@1728,27%@1728] GR3D_FREQ 57% cpu@54.25C soc2@52.843C soc0@52.562C gpu@53.906C tj@54.25C soc1@53.875C VDD_IN 8003mW/7983mW VDD_CPU_GPU_CV 2833mW/2808mW VDD_SOC 1616mW/1658mW
06-07-2026 13:07:48 RAM 5548/7620MB (lfb 2x2MB) SWAP 160/3810MB (cached 0MB) CPU [36%@1728,40%@1728,30%@1728,50%@1728,100%@1728,0%@1728] GR3D_FREQ 72% cpu@54.281C soc2@52.812C soc0@52.437C gpu@54.187C tj@54.281C soc1@53.718C VDD_IN 8003mW/7983mW VDD_CPU_GPU_CV 2833mW/2808mW VDD_SOC 1616mW/1658mW
06-07-2026 13:07:48 RAM 5548/7620MB (lfb 2x2MB) SWAP 160/3810MB (cached 0MB) CPU [30%@1344,55%@1344,50%@1344,40%@1344,90%@1728,44%@1728] GR3D_FREQ 69% cpu@54.062C soc2@52.906C soc0@52.437C gpu@54.093C tj@54.093C soc1@53.843C VDD_IN 8003mW/7983mW VDD_CPU_GPU_CV 2833mW/2809mW VDD_SOC 1616mW/1658mW
06-07-2026 13:07:48 RAM 5549/7620MB (lfb 2x2MB) SWAP 160/3810MB (cached 0MB) CPU [83%@1728,90%@1728,100%@1728,100%@1728,100%@1728,100%@1728] GR3D_FREQ 51% cpu@54.406C soc2@52.906C soc0@52.437C gpu@54.312C tj@54.375C soc1@53.718C VDD_IN 8279mW/7985mW VDD_CPU_GPU_CV 3070mW/2810mW VDD_SOC 1655mW/1658mW
06-07-2026 13:07:48 RAM 5548/7620MB (lfb 2x2MB) SWAP 160/3810MB (cached 0MB) CPU [80%@1728,90%@1728,90%@1728,72%@1728,63%@1728,70%@1728] GR3D_FREQ 72% cpu@54.375C soc2@52.937C soc0@52.437C gpu@54.25C tj@54.375C soc1@53.781C VDD_IN 8515mW/7988mW VDD_CPU_GPU_CV 3188mW/2813mW VDD_SOC 1655mW/1658mW
06-07-2026 13:07:48 RAM 5548/7620MB (lfb 2x2MB) SWAP 160/3810MB (cached 0MB) CPU [36%@1728,22%@1728,90%@1728,38%@1728,40%@960,22%@960] GR3D_FREQ 71% cpu@54.406C soc2@52.968C soc0@52.562C gpu@54.062C tj@54.406C soc1@53.906C VDD_IN 8397mW/7991mW VDD_CPU_GPU_CV 3109mW/2814mW VDD_SOC 1655mW/1658mW
06-07-2026 13:07:48 RAM 5548/7620MB (lfb 2x2MB) SWAP 160/3810MB (cached 0MB) CPU [11%@1728,22%@1728,90%@1728,40%@1728,12%@729,40%@729] GR3D_FREQ 71% cpu@54.625C soc2@52.906C soc0@52.437C gpu@53.968C tj@54.625C soc1@53.75C VDD_IN 8279mW/7992mW VDD_CPU_GPU_CV 3030mW/2816mW VDD_SOC 1655mW/1658mW
06-07-2026 13:07:49 RAM 5548/7620MB (lfb 2x2MB) SWAP 160/3810MB (cached 0MB) CPU [22%@1728,38%@1728,90%@1728,20%@1728,54%@729,36%@729] GR3D_FREQ 72% cpu@54.062C soc2@52.843C soc0@52.437C gpu@53.875C tj@54.062C soc1@53.812C VDD_IN 8200mW/7994mW VDD_CPU_GPU_CV 2952mW/2817mW VDD_SOC 1616mW/1657mW
06-07-2026 13:07:49 RAM 5548/7620MB (lfb 2x2MB) SWAP 160/3810MB (cached 0MB) CPU [41%@1728,36%@1728,44%@1728,81%@1728,20%@729,36%@729] GR3D_FREQ 66% cpu@54.093C soc2@52.843C soc0@52.562C gpu@54.187C tj@54.5C soc1@53.906C VDD_IN 8121mW/7994mW VDD_CPU_GPU_CV 2912mW/2817mW VDD_SOC 1616mW/1657mW
06-07-2026 13:07:49 RAM 5548/7620MB (lfb 2x2MB) SWAP 160/3810MB (cached 0MB) CPU [36%@1728,11%@1728,80%@1728,36%@1728,27%@729,36%@729] GR3D_FREQ 60% cpu@54.531C soc2@52.968C soc0@52.437C gpu@54.031C tj@54.531C soc1@53.968C VDD_IN 8042mW/7995mW VDD_CPU_GPU_CV 2833mW/2817mW VDD_SOC 1616mW/1657mW
06-07-2026 13:07:49 RAM 5548/7620MB (lfb 2x2MB) SWAP 160/3810MB (cached 0MB) CPU [20%@1728,30%@1728,90%@1728,20%@1728,50%@729,40%@729] GR3D_FREQ 68% cpu@54.656C soc2@52.812C soc0@52.468C gpu@53.937C tj@54.656C soc1@53.75C VDD_IN 8003mW/7995mW VDD_CPU_GPU_CV 2833mW/2817mW VDD_SOC 1616mW/1657mW
06-07-2026 13:07:49 RAM 5548/7620MB (lfb 2x2MB) SWAP 160/3810MB (cached 0MB) CPU [30%@1728,45%@1728,50%@1728,30%@1728,20%@1728,40%@1728] GR3D_FREQ 70% cpu@53.843C soc2@52.843C soc0@52.562C gpu@54.406C tj@54.406C soc1@53.906C VDD_IN 7963mW/7995mW VDD_CPU_GPU_CV 2794mW/2817mW VDD_SOC 1616mW/1656mW
06-07-2026 13:07:49 RAM 5548/7620MB (lfb 2x2MB) SWAP 160/3810MB (cached 0MB) CPU [33%@883,30%@883,36%@883,33%@883,18%@1728,90%@1728] GR3D_FREQ 74% cpu@53.875C soc2@52.906C soc0@52.531C gpu@54.218C tj@54.218C soc1@54C VDD_IN 7924mW/7994mW VDD_CPU_GPU_CV 2794mW/2817mW VDD_SOC 1616mW/1656mW
06-07-2026 13:07:49 RAM 5548/7620MB (lfb 2x2MB) SWAP 160/3810MB (cached 0MB) CPU [54%@806,25%@806,30%@806,36%@806,33%@1728,66%@1728] GR3D_FREQ 73% cpu@53.906C soc2@52.906C soc0@52.406C gpu@54.125C tj@54.125C soc1@53.843C VDD_IN 7924mW/7994mW VDD_CPU_GPU_CV 2755mW/2817mW VDD_SOC 1616mW/1656mW
06-07-2026 13:07:49 RAM 5548/7620MB (lfb 2x2MB) SWAP 160/3810MB (cached 0MB) CPU [30%@1728,40%@1728,33%@1728,44%@1728,27%@1728,90%@1728] GR3D_FREQ 58% cpu@53.875C soc2@52.906C soc0@52.468C gpu@54.437C tj@54.437C soc1@53.906C VDD_IN 7884mW/7993mW VDD_CPU_GPU_CV 2794mW/2817mW VDD_SOC 1616mW/1656mW
06-07-2026 13:07:49 RAM 5548/7620MB (lfb 2x2MB) SWAP 160/3810MB (cached 0MB) CPU [40%@729,27%@729,45%@729,36%@729,11%@1728,90%@1728] GR3D_FREQ 73% cpu@54.062C soc2@52.937C soc0@52.406C gpu@54.218C tj@54.218C soc1@53.968C VDD_IN 7924mW/7993mW VDD_CPU_GPU_CV 2794mW/2816mW VDD_SOC 1616mW/1655mW
06-07-2026 13:07:49 RAM 5548/7620MB (lfb 2x2MB) SWAP 160/3810MB (cached 0MB) CPU [54%@1036,40%@1036,58%@1036,50%@1036,33%@1728,90%@1728] GR3D_FREQ 52% cpu@54.031C soc2@52.812C soc0@52.468C gpu@54C tj@54.031C soc1@53.781C VDD_IN 7963mW/7992mW VDD_CPU_GPU_CV 2794mW/2816mW VDD_SOC 1616mW/1655mW
06-07-2026 13:07:50 RAM 5548/7620MB (lfb 2x2MB) SWAP 160/3810MB (cached 0MB) CPU [70%@1728,60%@1728,90%@1728,64%@1728,63%@960,81%@960] GR3D_FREQ 63% cpu@54.25C soc2@52.906C soc0@52.437C gpu@53.968C tj@54.25C soc1@53.75C VDD_IN 8160mW/7993mW VDD_CPU_GPU_CV 2952mW/2817mW VDD_SOC 1655mW/1655mW
06-07-2026 13:07:50 RAM 5548/7620MB (lfb 2x2MB) SWAP 160/3810MB (cached 0MB) CPU [58%@1728,61%@1728,60%@1728,36%@1728,70%@1728,33%@1728] GR3D_FREQ 70% cpu@53.875C soc2@52.937C soc0@52.468C gpu@53.906C tj@53.906C soc1@53.781C VDD_IN 8200mW/7995mW VDD_CPU_GPU_CV 2991mW/2818mW VDD_SOC 1655mW/1655mW
06-07-2026 13:07:50 RAM 5548/7620MB (lfb 2x2MB) SWAP 160/3810MB (cached 0MB) CPU [27%@1267,70%@1267,38%@1267,40%@1267,90%@1728,18%@1728] GR3D_FREQ 66% cpu@54.25C soc2@52.937C soc0@52.593C gpu@54.312C tj@54.343C soc1@53.968C VDD_IN 8121mW/7995mW VDD_CPU_GPU_CV 2952mW/2819mW VDD_SOC 1616mW/1655mW
06-07-2026 13:07:50 RAM 5551/7620MB (lfb 2x2MB) SWAP 160/3810MB (cached 0MB) CPU [54%@1728,37%@1728,45%@1728,33%@1728,81%@1190,20%@1190] GR3D_FREQ 63% cpu@54.343C soc2@52.843C soc0@52.437C gpu@54.156C tj@54.343C soc1@53.843C VDD_IN 8081mW/7996mW VDD_CPU_GPU_CV 2912mW/2819mW VDD_SOC 1616mW/1655mW
06-07-2026 13:07:50 RAM 5551/7620MB (lfb 2x2MB) SWAP 160/3810MB (cached 0MB) CPU [54%@1728,9%@1728,66%@1728,33%@1728,10%@729,30%@729] GR3D_FREQ 71% cpu@53.875C soc2@52.875C soc0@52.5C gpu@54.093C tj@54.093C soc1@53.875C VDD_IN 8003mW/7996mW VDD_CPU_GPU_CV 2873mW/2820mW VDD_SOC 1616mW/1654mW
06-07-2026 13:07:50 RAM 5551/7620MB (lfb 2x2MB) SWAP 160/3810MB (cached 0MB) CPU [50%@1420,30%@1420,70%@1420,30%@1420,81%@1728,20%@1728] GR3D_FREQ 68% cpu@54.343C soc2@52.906C soc0@52.562C gpu@53.968C tj@54.343C soc1@53.937C VDD_IN 8042mW/7996mW VDD_CPU_GPU_CV 2912mW/2820mW VDD_SOC 1616mW/1654mW
06-07-2026 13:07:50 RAM 5551/7620MB (lfb 2x2MB) SWAP 160/3810MB (cached 0MB) CPU [58%@1036,50%@1036,36%@1036,25%@1036,90%@1728,27%@1728] GR3D_FREQ 70% cpu@54.25C soc2@52.875C soc0@52.5C gpu@53.968C tj@54.25C soc1@53.718C VDD_IN 8042mW/7996mW VDD_CPU_GPU_CV 2873mW/2820mW VDD_SOC 1616mW/1654mW
06-07-2026 13:07:50 RAM 5551/7620MB (lfb 2x2MB) SWAP 160/3810MB (cached 0MB) CPU [36%@806,40%@806,36%@806,22%@806,90%@1728,10%@1728] GR3D_FREQ 68% cpu@53.937C soc2@52.906C soc0@52.468C gpu@54.375C tj@54.375C soc1@53.843C VDD_IN 8003mW/7996mW VDD_CPU_GPU_CV 2833mW/2821mW VDD_SOC 1616mW/1654mW
06-07-2026 13:07:50 RAM 5551/7620MB (lfb 2x2MB) SWAP 160/3810MB (cached 0MB) CPU [55%@960,25%@960,40%@960,22%@1497,91%@1728,18%@1728] GR3D_FREQ 61% cpu@54.093C soc2@52.937C soc0@52.562C gpu@54.187C tj@54.187C soc1@53.843C VDD_IN 7963mW/7996mW VDD_CPU_GPU_CV 2833mW/2821mW VDD_SOC 1616mW/1654mW
06-07-2026 13:07:51 RAM 5551/7620MB (lfb 2x2MB) SWAP 160/3810MB (cached 0MB) CPU [30%@729,20%@729,36%@729,50%@729,90%@1728,9%@1728] GR3D_FREQ 65% cpu@54.125C soc2@52.906C soc0@52.437C gpu@54.187C tj@54.187C soc1@53.687C VDD_IN 7963mW/7996mW VDD_CPU_GPU_CV 2794mW/2820mW VDD_SOC 1616mW/1653mW
06-07-2026 13:07:51 RAM 5551/7620MB (lfb 2x2MB) SWAP 160/3810MB (cached 0MB) CPU [40%@1113,40%@1113,20%@1113,30%@1113,90%@1728,11%@1728] GR3D_FREQ 69% cpu@54C soc2@52.875C soc0@52.468C gpu@53.937C tj@54C soc1@53.812C VDD_IN 7924mW/7996mW VDD_CPU_GPU_CV 2794mW/2820mW VDD_SOC 1616mW/1653mW
06-07-2026 13:07:51 RAM 5551/7620MB (lfb 2x2MB) SWAP 160/3810MB (cached 0MB) CPU [36%@729,45%@729,30%@729,20%@729,83%@1728,10%@1728] GR3D_FREQ 65% cpu@53.937C soc2@52.875C soc0@52.625C gpu@53.906C tj@53.937C soc1@53.937C VDD_IN 7884mW/7995mW VDD_CPU_GPU_CV 2755mW/2820mW VDD_SOC 1616mW/1653mW
06-07-2026 13:07:51 RAM 5551/7620MB (lfb 2x2MB) SWAP 160/3810MB (cached 0MB) CPU [45%@806,33%@806,45%@729,30%@729,90%@1728,50%@1728] GR3D_FREQ 65% cpu@54.187C soc2@52.812C soc0@52.5C gpu@53.968C tj@54.187C soc1@53.781C VDD_IN 7924mW/7995mW VDD_CPU_GPU_CV 2794mW/2820mW VDD_SOC 1616mW/1653mW
06-07-2026 13:07:51 RAM 5551/7620MB (lfb 2x2MB) SWAP 160/3810MB (cached 0MB) CPU [57%@1267,50%@1267,50%@1267,30%@1267,90%@1728,36%@1728] GR3D_FREQ 71% cpu@54.093C soc2@52.781C soc0@52.437C gpu@54.281C tj@54.281C soc1@53.843C VDD_IN 8003mW/7995mW VDD_CPU_GPU_CV 2833mW/2820mW VDD_SOC 1616mW/1653mW
06-07-2026 13:07:51 RAM 5552/7620MB (lfb 2x2MB) SWAP 160/3810MB (cached 0MB) CPU [50%@1728,50%@1728,20%@1728,36%@1728,83%@1728,36%@1728] GR3D_FREQ 64% cpu@54.062C soc2@52.968C soc0@52.625C gpu@54.187C tj@54.187C soc1@53.968C VDD_IN 8003mW/7995mW VDD_CPU_GPU_CV 2833mW/2820mW VDD_SOC 1616mW/1652mW
06-07-2026 13:07:51 RAM 5552/7620MB (lfb 2x2MB) SWAP 160/3810MB (cached 0MB) CPU [60%@1113,30%@1113,33%@1113,30%@1113,60%@1728,40%@1728] GR3D_FREQ 66% cpu@53.968C soc2@52.875C soc0@52.437C gpu@54.093C tj@54.093C soc1@53.75C VDD_IN 7963mW/7995mW VDD_CPU_GPU_CV 2833mW/2820mW VDD_SOC 1616mW/1652mW
06-07-2026 13:07:51 RAM 5552/7620MB (lfb 2x2MB) SWAP 160/3810MB (cached 0MB) CPU [41%@1420,41%@1420,36%@1420,45%@1420,18%@1728,90%@1728] GR3D_FREQ 70% cpu@54.218C soc2@52.906C soc0@52.5C gpu@53.968C tj@53.968C soc1@53.843C VDD_IN 8003mW/7995mW VDD_CPU_GPU_CV 2833mW/2820mW VDD_SOC 1616mW/1652mW
06-07-2026 13:07:51 RAM 5552/7620MB (lfb 2x2MB) SWAP 160/3810MB (cached 0MB) CPU [55%@1267,40%@1267,36%@1267,30%@1267,36%@1728,90%@1728] GR3D_FREQ 66% cpu@53.906C soc2@52.937C soc0@52.625C gpu@53.968C tj@53.968C soc1@53.937C VDD_IN 8042mW/7995mW VDD_CPU_GPU_CV 2873mW/2820mW VDD_SOC 1616mW/1652mW
06-07-2026 13:07:52 RAM 5553/7620MB (lfb 2x2MB) SWAP 160/3810MB (cached 0MB) CPU [36%@1344,44%@1344,27%@1344,41%@1344,10%@1728,90%@1728] GR3D_FREQ 69% cpu@53.906C soc2@52.812C soc0@52.437C gpu@54.343C tj@54.343C soc1@53.687C VDD_IN 8003mW/7995mW VDD_CPU_GPU_CV 2833mW/2820mW VDD_SOC 1616mW/1652mW
06-07-2026 13:07:52 RAM 5553/7620MB (lfb 2x2MB) SWAP 160/3810MB (cached 0MB) CPU [50%@1728,50%@1728,45%@1728,40%@1728,27%@1728,90%@1728] GR3D_FREQ 70% cpu@53.812C soc2@52.875C soc0@52.5C gpu@54.218C tj@54.218C soc1@53.812C VDD_IN 8042mW/7995mW VDD_CPU_GPU_CV 2873mW/2821mW VDD_SOC 1616mW/1651mW
06-07-2026 13:07:52 RAM 5553/7620MB (lfb 2x2MB) SWAP 160/3810MB (cached 0MB) CPU [27%@883,50%@883,44%@883,18%@883,0%@1728,90%@1728] GR3D_FREQ 66% cpu@53.687C soc2@52.906C soc0@52.562C gpu@54.093C tj@54.093C soc1@53.875C VDD_IN 7963mW/7995mW VDD_CPU_GPU_CV 2833mW/2821mW VDD_SOC 1616mW/1651mW
06-07-2026 13:07:52 RAM 5554/7620MB (lfb 2x2MB) SWAP 160/3810MB (cached 0MB) CPU [27%@1113,44%@1113,36%@1113,33%@1113,70%@1728,18%@1728] GR3D_FREQ 70% cpu@54.125C soc2@52.968C soc0@52.5C gpu@54C tj@54.406C soc1@53.843C VDD_IN 7884mW/7994mW VDD_CPU_GPU_CV 2794mW/2821mW VDD_SOC 1616mW/1651mW
06-07-2026 13:07:52 RAM 5554/7620MB (lfb 2x2MB) SWAP 160/3810MB (cached 0MB) CPU [30%@1344,44%@1344,45%@1344,22%@1344,90%@1728,20%@1728] GR3D_FREQ 70% cpu@54C soc2@52.843C soc0@52.437C gpu@53.968C tj@54C soc1@53.75C VDD_IN 7924mW/7994mW VDD_CPU_GPU_CV 2794mW/2821mW VDD_SOC 1616mW/1651mW
06-07-2026 13:07:52 RAM 5554/7620MB (lfb 2x2MB) SWAP 160/3810MB (cached 0MB) CPU [50%@806,50%@806,11%@806,18%@806,90%@1728,0%@1728] GR3D_FREQ 64% cpu@54C soc2@52.875C soc0@52.625C gpu@53.875C tj@54C soc1@53.875C VDD_IN 7884mW/7994mW VDD_CPU_GPU_CV 2755mW/2820mW VDD_SOC 1576mW/1651mW
06-07-2026 13:07:52 RAM 5554/7620MB (lfb 2x2MB) SWAP 160/3810MB (cached 0MB) CPU [36%@806,50%@806,33%@806,10%@806,20%@1728,70%@1728] GR3D_FREQ 68% cpu@53.937C soc2@52.906C soc0@52.468C gpu@54.218C tj@54.218C soc1@53.968C VDD_IN 7845mW/7993mW VDD_CPU_GPU_CV 2715mW/2820mW VDD_SOC 1576mW/1650mW
06-07-2026 13:07:52 RAM 5554/7620MB (lfb 2x2MB) SWAP 160/3810MB (cached 0MB) CPU [36%@1728,42%@1728,50%@1728,20%@1728,15%@1728,84%@1728] GR3D_FREQ 69% cpu@53.937C soc2@52.843C soc0@52.437C gpu@53.906C tj@53.906C soc1@53.781C VDD_IN 7805mW/7992mW VDD_CPU_GPU_CV 2676mW/2819mW VDD_SOC 1576mW/1650mW
06-07-2026 13:07:52 RAM 5554/7620MB (lfb 2x2MB) SWAP 160/3810MB (cached 0MB) CPU [54%@1728,72%@1728,54%@1728,54%@1728,66%@1728,60%@1728] GR3D_FREQ 71% cpu@53.968C soc2@52.875C soc0@52.593C gpu@54.437C tj@54.437C soc1@53.843C VDD_IN 7924mW/7991mW VDD_CPU_GPU_CV 2755mW/2819mW VDD_SOC 1616mW/1650mW
06-07-2026 13:07:52 RAM 5554/7620MB (lfb 2x2MB) SWAP 160/3810MB (cached 0MB) CPU [30%@1651,100%@1651,40%@1651,45%@1651,36%@1728,88%@1728] GR3D_FREQ 72% cpu@54.218C soc2@52.875C soc0@52.437C gpu@54.125C tj@54.218C soc1@53.812C VDD_IN 8042mW/7992mW VDD_CPU_GPU_CV 2873mW/2819mW VDD_SOC 1616mW/1649mW
06-07-2026 13:07:53 RAM 5556/7620MB (lfb 2x2MB) SWAP 160/3810MB (cached 0MB) CPU [63%@1728,100%@1728,54%@1728,33%@1728,63%@1728,90%@1728] GR3D_FREQ 65% cpu@54.187C soc2@52.968C soc0@52.437C gpu@54.125C tj@54.187C soc1@53.781C VDD_IN 8200mW/7993mW VDD_CPU_GPU_CV 2991mW/2820mW VDD_SOC 1616mW/1649mW
06-07-2026 13:07:53 RAM 5556/7620MB (lfb 2x2MB) SWAP 160/3810MB (cached 0MB) CPU [45%@1497,41%@1497,63%@1497,36%@1497,60%@1728,36%@1728] GR3D_FREQ 69% cpu@54.125C soc2@52.968C soc0@52.625C gpu@54.312C tj@54.406C soc1@53.906C VDD_IN 8239mW/7994mW VDD_CPU_GPU_CV 3030mW/2821mW VDD_SOC 1616mW/1649mW
06-07-2026 13:07:53 RAM 5556/7620MB (lfb 2x2MB) SWAP 160/3810MB (cached 0MB) CPU [54%@1728,40%@1728,66%@1728,20%@1728,80%@1728,27%@1728] GR3D_FREQ 73% cpu@54.375C soc2@52.968C soc0@52.687C gpu@54.25C tj@54.375C soc1@54.062C VDD_IN 8200mW/7995mW VDD_CPU_GPU_CV 2991mW/2822mW VDD_SOC 1616mW/1649mW
06-07-2026 13:07:53 RAM 5557/7620MB (lfb 2x2MB) SWAP 160/3810MB (cached 0MB) CPU [40%@1651,54%@1651,45%@1651,40%@1651,80%@1728,18%@1728] GR3D_FREQ 70% cpu@54.406C soc2@52.968C soc0@52.531C gpu@54.093C tj@54.406C soc1@53.875C VDD_IN 8239mW/7996mW VDD_CPU_GPU_CV 3030mW/2823mW VDD_SOC 1616mW/1649mW
06-07-2026 13:07:53 RAM 5557/7620MB (lfb 2x2MB) SWAP 160/3810MB (cached 0MB) CPU [41%@1728,40%@1728,27%@1728,60%@1728,90%@1728,30%@1728] GR3D_FREQ 68% cpu@54.093C soc2@52.937C soc0@52.531C gpu@54.062C tj@54.093C soc1@53.937C VDD_IN 8200mW/7997mW VDD_CPU_GPU_CV 3030mW/2824mW VDD_SOC 1616mW/1649mW
06-07-2026 13:07:53 RAM 5557/7620MB (lfb 2x2MB) SWAP 160/3810MB (cached 0MB) CPU [63%@1728,54%@1728,40%@1728,50%@1728,90%@1728,16%@1728] GR3D_FREQ 71% cpu@54.406C soc2@53C soc0@52.75C gpu@54.031C tj@54.406C soc1@54.093C VDD_IN 8200mW/7998mW VDD_CPU_GPU_CV 3030mW/2825mW VDD_SOC 1616mW/1648mW
06-07-2026 13:07:53 RAM 5557/7620MB (lfb 2x2MB) SWAP 160/3810MB (cached 0MB) CPU [60%@1651,55%@1651,50%@1651,45%@1651,90%@1728,30%@1728] GR3D_FREQ 71% cpu@54.562C soc2@52.937C soc0@52.562C gpu@54.468C tj@54.562C soc1@53.843C VDD_IN 8279mW/8000mW VDD_CPU_GPU_CV 3070mW/2826mW VDD_SOC 1616mW/1648mW
06-07-2026 13:07:53 RAM 5557/7620MB (lfb 2x2MB) SWAP 160/3810MB (cached 0MB) CPU [54%@1728,60%@1728,60%@1728,40%@1728,72%@1574,50%@1574] GR3D_FREQ 65% cpu@54.312C soc2@53C soc0@52.593C gpu@54.281C tj@54.312C soc1@53.937C VDD_IN 8318mW/8001mW VDD_CPU_GPU_CV 3109mW/2827mW VDD_SOC 1616mW/1648mW
06-07-2026 13:07:53 RAM 5557/7620MB (lfb 2x2MB) SWAP 160/3810MB (cached 0MB) CPU [27%@1728,50%@1728,83%@1728,63%@1728,45%@729,41%@729] GR3D_FREQ 71% cpu@54.562C soc2@53.093C soc0@52.656C gpu@54.218C tj@54.562C soc1@54.031C VDD_IN 8318mW/8003mW VDD_CPU_GPU_CV 3148mW/2829mW VDD_SOC 1616mW/1648mW
06-07-2026 13:07:54 RAM 5557/7620MB (lfb 2x2MB) SWAP 160/3810MB (cached 0MB) CPU [45%@1728,50%@1728,90%@1728,20%@1728,40%@729,45%@729] GR3D_FREQ 70% cpu@54.187C soc2@53C soc0@52.437C gpu@54.125C tj@54.187C soc1@53.875C VDD_IN 8279mW/8004mW VDD_CPU_GPU_CV 3109mW/2830mW VDD_SOC 1616mW/1648mW
06-07-2026 13:07:54 RAM 5557/7620MB (lfb 2x2MB) SWAP 160/3810MB (cached 0MB) CPU [40%@1728,90%@1728,30%@1728,70%@1728,36%@729,45%@729] GR3D_FREQ 64% cpu@54.281C soc2@52.968C soc0@52.562C gpu@54.093C tj@54.281C soc1@53.937C VDD_IN 8279mW/8005mW VDD_CPU_GPU_CV 3109mW/2831mW VDD_SOC 1616mW/1648mW
06-07-2026 13:07:54 RAM 5558/7620MB (lfb 2x2MB) SWAP 160/3810MB (cached 0MB) CPU [41%@1728,100%@1728,54%@1728,20%@1728,54%@729,33%@729] GR3D_FREQ 65% cpu@54.218C soc2@53.062C soc0@52.625C gpu@54C tj@54.218C soc1@54C VDD_IN 8279mW/8006mW VDD_CPU_GPU_CV 3109mW/2833mW VDD_SOC 1616mW/1648mW
06-07-2026 13:07:54 RAM 5557/7620MB (lfb 2x2MB) SWAP 160/3810MB (cached 0MB) CPU [45%@1728,33%@1728,55%@1728,80%@1728,55%@729,44%@729] GR3D_FREQ 58% cpu@54.687C soc2@53.062C soc0@52.437C gpu@54.437C tj@54.687C soc1@53.843C VDD_IN 8279mW/8008mW VDD_CPU_GPU_CV 3109mW/2834mW VDD_SOC 1616mW/1647mW
06-07-2026 13:07:54 RAM 5559/7620MB (lfb 2x2MB) SWAP 160/3810MB (cached 0MB) CPU [75%@1728,100%@1728,41%@1728,50%@1728,36%@729,36%@729] GR3D_FREQ 69% cpu@54.156C soc2@53.062C soc0@52.593C gpu@54.312C tj@54.437C soc1@53.906C VDD_IN 8279mW/8009mW VDD_CPU_GPU_CV 3109mW/2835mW VDD_SOC 1616mW/1647mW
06-07-2026 13:07:54 RAM 5559/7620MB (lfb 2x2MB) SWAP 160/3810MB (cached 0MB) CPU [33%@1728,91%@1728,44%@1728,30%@1728,50%@729,20%@729] GR3D_FREQ 65% cpu@54.343C soc2@53.093C soc0@52.75C gpu@54.218C tj@54.343C soc1@53.968C VDD_IN 8279mW/8010mW VDD_CPU_GPU_CV 3109mW/2837mW VDD_SOC 1616mW/1647mW
06-07-2026 13:07:54 RAM 5559/7620MB (lfb 2x2MB) SWAP 160/3810MB (cached 0MB) CPU [63%@1728,90%@1728,36%@1728,66%@1728,33%@729,40%@729] GR3D_FREQ 72% cpu@54.406C soc2@53.062C soc0@52.5C gpu@54.125C tj@54.406C soc1@53.843C VDD_IN 8279mW/8012mW VDD_CPU_GPU_CV 3148mW/2838mW VDD_SOC 1616mW/1647mW
06-07-2026 13:07:54 RAM 5559/7620MB (lfb 2x2MB) SWAP 160/3810MB (cached 0MB) CPU [55%@1728,100%@1728,58%@1728,75%@1728,50%@883,61%@883] GR3D_FREQ 58% cpu@54.468C soc2@53.031C soc0@52.593C gpu@54.25C tj@54.468C soc1@53.937C VDD_IN 8357mW/8013mW VDD_CPU_GPU_CV 3188mW/2840mW VDD_SOC 1616mW/1647mW
06-07-2026 13:07:54 RAM 5559/7620MB (lfb 2x2MB) SWAP 160/3810MB (cached 0MB) CPU [100%@1728,100%@1728,100%@1728,100%@1728,100%@1728,100%@1728] GR3D_FREQ 59% cpu@54.843C soc2@53.125C soc0@52.562C gpu@54.437C tj@55.062C soc1@53.906C VDD_IN 8633mW/8016mW VDD_CPU_GPU_CV 3384mW/2842mW VDD_SOC 1655mW/1647mW
06-07-2026 13:07:55 RAM 5555/7620MB (lfb 2x2MB) SWAP 160/3810MB (cached 0MB) CPU [75%@1728,80%@1728,72%@1728,90%@1728,90%@1728,90%@1728] GR3D_FREQ 59% cpu@54.656C soc2@53.125C soc0@52.625C gpu@54.343C tj@54.656C soc1@53.968C VDD_IN 8845mW/8020mW VDD_CPU_GPU_CV 3542mW/2845mW VDD_SOC 1658mW/1647mW
06-07-2026 13:07:55 RAM 5556/7620MB (lfb 2x2MB) SWAP 160/3810MB (cached 0MB) CPU [66%@1728,60%@1728,62%@1728,44%@1728,60%@1728,81%@1728] GR3D_FREQ 67% cpu@54.531C soc2@53.218C soc0@52.656C gpu@54.218C tj@54.531C soc1@54.093C VDD_IN 8805mW/8023mW VDD_CPU_GPU_CV 3503mW/2848mW VDD_SOC 1655mW/1647mW
06-07-2026 13:07:55 RAM 5555/7620MB (lfb 2x2MB) SWAP 160/3810MB (cached 0MB) CPU [66%@1728,50%@1728,72%@1728,54%@1728,63%@1267,55%@1267] GR3D_FREQ 60% cpu@54.625C soc2@53.125C soc0@52.562C gpu@54.125C tj@54.625C soc1@53.906C VDD_IN 8766mW/8027mW VDD_CPU_GPU_CV 3503mW/2851mW VDD_SOC 1655mW/1647mW
06-07-2026 13:07:55 RAM 5555/7620MB (lfb 2x2MB) SWAP 160/3810MB (cached 0MB) CPU [90%@1728,41%@1728,45%@1728,60%@1728,70%@806,45%@806] GR3D_FREQ 61% cpu@54.437C soc2@53.156C soc0@52.625C gpu@54.125C tj@54.437C soc1@53.906C VDD_IN 8673mW/8030mW VDD_CPU_GPU_CV 3424mW/2854mW VDD_SOC 1655mW/1647mW
06-07-2026 13:07:55 RAM 5553/7620MB (lfb 2x2MB) SWAP 160/3810MB (cached 0MB) CPU [91%@1728,30%@1728,54%@1728,50%@1728,70%@1497,60%@1497] GR3D_FREQ 63% cpu@54.437C soc2@53.125C soc0@52.656C gpu@54.187C tj@54.656C soc1@54.062C VDD_IN 8633mW/8032mW VDD_CPU_GPU_CV 3384mW/2856mW VDD_SOC 1655mW/1647mW
06-07-2026 13:07:55 RAM 5554/7620MB (lfb 2x2MB) SWAP 160/3810MB (cached 0MB) CPU [88%@1728,60%@1728,33%@1728,40%@1728,63%@1728,70%@1728] GR3D_FREQ 62% cpu@54.375C soc2@53.187C soc0@52.468C gpu@54.375C tj@54.375C soc1@53.937C VDD_IN 8633mW/8035mW VDD_CPU_GPU_CV 3424mW/2859mW VDD_SOC 1655mW/1647mW
